Archive member included to satisfy reference by file (symbol)

/opt/devkitpro/devkitARM/bin/../lib/gcc/arm-none-eabi/13.2.0/../../../../arm-none-eabi/lib/libpicaGL.a(arrays.o)
                              engine.o (glVertexPointer)
/opt/devkitpro/devkitARM/bin/../lib/gcc/arm-none-eabi/13.2.0/../../../../arm-none-eabi/lib/libpicaGL.a(depth.o)
                              engine.o (glClearDepth)
/opt/devkitpro/devkitARM/bin/../lib/gcc/arm-none-eabi/13.2.0/../../../../arm-none-eabi/lib/libpicaGL.a(glu.o)
                              engine.o (gluPerspective)
/opt/devkitpro/devkitARM/bin/../lib/gcc/arm-none-eabi/13.2.0/../../../../arm-none-eabi/lib/libpicaGL.a(immediate.o)
                              engine.o (glBegin)
/opt/devkitpro/devkitARM/bin/../lib/gcc/arm-none-eabi/13.2.0/../../../../arm-none-eabi/lib/libpicaGL.a(matrix.o)
                              engine.o (glLoadIdentity)
/opt/devkitpro/devkitARM/bin/../lib/gcc/arm-none-eabi/13.2.0/../../../../arm-none-eabi/lib/libpicaGL.a(misc.o)
                              engine.o (glClear)
/opt/devkitpro/devkitARM/bin/../lib/gcc/arm-none-eabi/13.2.0/../../../../arm-none-eabi/lib/libpicaGL.a(pica.o)
                              /opt/devkitpro/devkitARM/bin/../lib/gcc/arm-none-eabi/13.2.0/../../../../arm-none-eabi/lib/libpicaGL.a(misc.o) (_picaViewport)
/opt/devkitpro/devkitARM/bin/../lib/gcc/arm-none-eabi/13.2.0/../../../../arm-none-eabi/lib/libpicaGL.a(picaGL.o)
                              backend_3ds.o (pglInit)
/opt/devkitpro/devkitARM/bin/../lib/gcc/arm-none-eabi/13.2.0/../../../../arm-none-eabi/lib/libpicaGL.a(queue.o)
                              /opt/devkitpro/devkitARM/bin/../lib/gcc/arm-none-eabi/13.2.0/../../../../arm-none-eabi/lib/libpicaGL.a(misc.o) (_queueWaitAndClear)
/opt/devkitpro/devkitARM/bin/../lib/gcc/arm-none-eabi/13.2.0/../../../../arm-none-eabi/lib/libpicaGL.a(state.o)
                              /opt/devkitpro/devkitARM/bin/../lib/gcc/arm-none-eabi/13.2.0/../../../../arm-none-eabi/lib/libpicaGL.a(picaGL.o) (_stateInitialize)
/opt/devkitpro/devkitARM/bin/../lib/gcc/arm-none-eabi/13.2.0/../../../../arm-none-eabi/lib/libpicaGL.a(stubs.o)
                              engine.o (glShadeModel)
/opt/devkitpro/devkitARM/bin/../lib/gcc/arm-none-eabi/13.2.0/../../../../arm-none-eabi/lib/libpicaGL.a(texture.o)
                              /opt/devkitpro/devkitARM/bin/../lib/gcc/arm-none-eabi/13.2.0/../../../../arm-none-eabi/lib/libpicaGL.a(state.o) (glActiveTexture)
/opt/devkitpro/devkitARM/bin/../lib/gcc/arm-none-eabi/13.2.0/../../../../arm-none-eabi/lib/libpicaGL.a(hashtable.o)
                              /opt/devkitpro/devkitARM/bin/../lib/gcc/arm-none-eabi/13.2.0/../../../../arm-none-eabi/lib/libpicaGL.a(texture.o) (hashTableGet)
/opt/devkitpro/devkitARM/bin/../lib/gcc/arm-none-eabi/13.2.0/../../../../arm-none-eabi/lib/libpicaGL.a(math_utils.o)
                              /opt/devkitpro/devkitARM/bin/../lib/gcc/arm-none-eabi/13.2.0/../../../../arm-none-eabi/lib/libpicaGL.a(matrix.o) (matrix4x4_multiply)
/opt/devkitpro/devkitARM/bin/../lib/gcc/arm-none-eabi/13.2.0/../../../../arm-none-eabi/lib/libpicaGL.a(clear.shbin.o)
                              /opt/devkitpro/devkitARM/bin/../lib/gcc/arm-none-eabi/13.2.0/../../../../arm-none-eabi/lib/libpicaGL.a(state.o) (clear_shbin)
/opt/devkitpro/devkitARM/bin/../lib/gcc/arm-none-eabi/13.2.0/../../../../arm-none-eabi/lib/libpicaGL.a(vshader.shbin.o)
                              /opt/devkitpro/devkitARM/bin/../lib/gcc/arm-none-eabi/13.2.0/../../../../arm-none-eabi/lib/libpicaGL.a(state.o) (vshader_shbin)
/opt/devkitpro/devkitARM/bin/../lib/gcc/arm-none-eabi/13.2.0/../../../../arm-none-eabi/lib/libpicaGL.a(blend.o)
                              /opt/devkitpro/devkitARM/bin/../lib/gcc/arm-none-eabi/13.2.0/../../../../arm-none-eabi/lib/libpicaGL.a(state.o) (glAlphaFunc)
/opt/devkitpro/portlibs/3ds/lib/libSDL_mixer.a(mixer.o)
                              music.o (Mix_Init)
/opt/devkitpro/portlibs/3ds/lib/libSDL_mixer.a(music.o)
                              /opt/devkitpro/portlibs/3ds/lib/libSDL_mixer.a(mixer.o) (music_mixer)
/opt/devkitpro/portlibs/3ds/lib/libSDL_mixer.a(wavestream.o)
                              /opt/devkitpro/portlibs/3ds/lib/libSDL_mixer.a(music.o) (WAVStream_Init)
/opt/devkitpro/portlibs/3ds/lib/libSDL_mixer.a(dynamic_mod.o)
                              /opt/devkitpro/portlibs/3ds/lib/libSDL_mixer.a(mixer.o) (Mix_InitMOD)
/opt/devkitpro/portlibs/3ds/lib/libSDL_mixer.a(music_mod.o)
                              /opt/devkitpro/portlibs/3ds/lib/libSDL_mixer.a(music.o) (MOD_init)
/opt/devkitpro/portlibs/3ds/lib/libSDL_mixer.a(playmidi.o)
                              /opt/devkitpro/portlibs/3ds/lib/libSDL_mixer.a(music.o) (Timidity_PlaySome)
/opt/devkitpro/portlibs/3ds/lib/libSDL_mixer.a(readmidi.o)
                              /opt/devkitpro/portlibs/3ds/lib/libSDL_mixer.a(playmidi.o) (read_midi_file)
/opt/devkitpro/portlibs/3ds/lib/libSDL_mixer.a(tables.o)
[...]
Memory Configuration

Name             Origin             Length             Attributes
*default*        0x00000000         0xffffffff

Linker script and memory map

                0x00100000                        PROVIDE (__start__ = 0x100000)
                0x00100000                        . = __start__

.text           0x00100000    0x8808c
 *(.crt0)
 .crt0          0x00100000       0x94 /opt/devkitpro/devkitARM/bin/../lib/gcc/arm-none-eabi/13.2.0/../../../../arm-none-eabi/lib/armv6k/fpu/3dsx_crt0.o
                0x00100000                _start
                0x00100008                __service_ptr
                0x0010000c                __apt_appid
                0x00100010                __heap_size
                0x00100014                __linear_heap_size
                0x00100018                __system_arglist
                0x0010001c                __system_runflags
 *(.init)
 .init          0x00100094        0xc /opt/devkitpro/devkitARM/bin/../lib/gcc/arm-none-eabi/13.2.0/armv6k/fpu/crti.o
                0x00100094                _init
 .init          0x001000a0        0xc /opt/devkitpro/devkitARM/bin/../lib/gcc/arm-none-eabi/13.2.0/armv6k/fpu/crtn.o
                0x001000ac                        . = ALIGN (0x4)
 *(.text)
 .text          0x001000ac     0x1048 /opt/devkitpro/portlibs/3ds/lib/libmad.a(timer.o)
                0x0010020c                mad_timer_compare
                0x00100260                mad_timer_negate
                0x00100290                mad_timer_abs
                0x001002cc                mad_timer_set
                0x001004e0                mad_timer_add
                0x00100550                mad_timer_multiply
                0x001005e0                mad_timer_count
                0x0010097c                mad_timer_fraction
                0x001009ec                mad_timer_string
 .text          0x001010f4      0x3d8 /opt/devkitpro/portlibs/3ds/lib/libmad.a(stream.o)
                0x001010f4                mad_stream_init
                0x0010114c                mad_stream_finish
                0x00101170                mad_stream_buffer
                0x0010119c                mad_stream_skip
                0x001011ac                mad_stream_sync
                0x00101230                mad_stream_errorstr
 .text          0x001014cc      0x92c /opt/devkitpro/portlibs/3ds/lib/libmad.a(frame.o)
                0x00101740                mad_header_init
                0x00101784                mad_frame_finish
                0x001017a8                mad_header_decode
                0x00101c68                mad_frame_decode
                0x00101d3c                mad_frame_mute
                0x00101dd0                mad_frame_init
 .text          0x00101df8     0x174c /opt/devkitpro/portlibs/3ds/lib/libmad.a(synth.o)
                0x001033f0                mad_synth_mute
                0x00103470                mad_synth_init
                0x00103498                mad_synth_frame
 .text          0x00103544      0xd38 /opt/devkitpro/portlibs/3ds/lib/libmad.a(layer12.o)
                0x00103670                mad_layer_I
                0x00103a38                mad_layer_II
 .text          0x0010427c     0x296c /opt/devkitpro/portlibs/3ds/lib/libmad.a(layer3.o)
                0x001063c0                mad_layer_III
 .text          0x00106be8      0x964 /opt/devkitpro/portlibs/3ds/lib/libmad.a(imdct_l_arm.o)
                0x00106be8                _III_imdct_l
                0x00106be8                III_imdct_l
 .text          0x0010754c      0x2ec /opt/devkitpro/portlibs/3ds/lib/libmad.a(bit.o)
                0x0010754c                mad_bit_init
                0x00107564                mad_bit_length
                0x0010758c                mad_bit_nextbyte
                0x001075a0                mad_bit_skip
                0x001075ec                mad_bit_read
                0x001076ac                mad_bit_crc
 .text          0x00107838      0x20c /opt/devkitpro/devkitARM/bin/../lib/gcc/arm-none-eabi/13.2.0/armv6k/fpu/libgcc.a(_udivsi3.o)
                0x00107838                __udivsi3
                0x00107838                __aeabi_uidiv
                0x00107a24                __aeabi_uidivmod
 .text          0x00107a44      0x240 /opt/devkitpro/devkitARM/bin/../lib/gcc/arm-none-eabi/13.2.0/armv6k/fpu/libgcc.a(_divsi3.o)
                0x00107a44                __aeabi_idiv
                0x00107a44                __divsi3
                0x00107c64                __aeabi_idivmod
 .text          0x00107c84        0x4 /opt/devkitpro/devkitARM/bin/../lib/gcc/arm-none-eabi/13.2.0/armv6k/fpu/libgcc.a(_dvmd_tls.o)
                0x00107c84                __aeabi_ldiv0
                0x00107c84                __aeabi_idiv0
 .text          0x00107c88      0x3c0 /opt/devkitpro/devkitARM/bin/../lib/gcc/arm-none-eabi/13.2.0/armv6k/fpu/libgcc.a(_arm_addsubdf3.o)
                0x00107c88                __aeabi_drsub
                0x00107c90                __aeabi_dsub
                0x00107c90                __subdf3
                0x00107c94                __adddf3
                0x00107c94                __aeabi_dadd
                0x00107f40                __aeabi_ui2d
                0x00107f40                __floatunsidf
                0x00107f64                __floatsidf
                0x00107f64                __aeabi_i2d
                0x00107f8c                __extendsfdf2
                0x00107f8c                __aeabi_f2d
                0x00107fd4                __aeabi_ul2d
                0x00107fd4                __floatundidf
                0x00107fe8                __floatdidf
                0x00107fe8                __aeabi_l2d
 .text          0x00108048       0xd4 /opt/devkitpro/devkitARM/bin/../lib/gcc/arm-none-eabi/13.2.0/armv6k/fpu/libgcc.a(_aeabi_ldivmod.o)
                0x00108048                __aeabi_ldivmod
 .text          0x0010811c       0x3c /opt/devkitpro/devkitARM/bin/../lib/gcc/arm-none-eabi/13.2.0/armv6k/fpu/libgcc.a(_aeabi_uldivmod.o)
                0x0010811c                __aeabi_uldivmod
 *fill*         0x00108158        0x8 
 .text          0x00108160      0x390 /opt/devkitpro/devkitARM/bin/../lib/gcc/arm-none-eabi/13.2.0/../../../../arm-none-eabi/lib/armv6k/fpu/libg.a(libc_a-strcmp.o)
                0x00108168                strcmp
 *(.text.*)
 .text.__do_global_dtors_aux
                0x001084f0       0x40 /opt/devkitpro/devkitARM/bin/../lib/gcc/arm-none-eabi/13.2.0/armv6k/fpu/crtbegin.o
 .text.frame_dummy
                0x00108530       0x2c /opt/devkitpro/devkitARM/bin/../lib/gcc/arm-none-eabi/13.2.0/armv6k/fpu/crtbegin.o
 .text.backend_swap
                0x0010855c        0x4 backend_3ds.o
                0x0010855c                backend_swap
 .text.startup.main
                0x00108560       0x94 backend_3ds.o
                0x00108560                main
 .text.stbi__stdio_eof
                0x001085f4       0x14 engine.o
 .text.stbi__mad3sizes_valid
                0x00108608       0x90 engine.o
 .text.stbi__refill_buffer
                0x00108698       0x58 engine.o
 .text.stbi__idct_block
                0x001086f0      0x444 engine.o
 .text.resample_row_1
                0x00108b34        0x8 engine.o
 .text.stbi__resample_row_v_2
                0x00108b3c       0x44 engine.o
 .text.stbi__resample_row_hv_2
                0x00108b80       0xa0 engine.o
 .text.stbi__resample_row_generic
                0x00108c20       0x50 engine.o
 .text.stbi__YCbCr_to_RGB_row
                0x00108c70       0xf4 engine.o
 .text.stbi__bitreverse16
                0x00108d64       0x68 engine.o
 .text.stbi__fill_bits
                0x00108dcc       0x5c engine.o
 .text.stbi__zhuffman_decode
                0x00108e28      0x110 engine.o
 .text.stbi__high_bit
                0x00108f38       0x50 engine.o
 .text.stbi__out_gif_code
                0x00108f88      0x114 engine.o
 .text.stbi__stdio_skip
                0x0010909c       0x2c engine.o
 .text.stbi__stdio_read
                0x001090c8       0x10 engine.o
 .text.stbi__build_huffman
                0x001090d8      0x1b8 engine.o
 .text.stbi__zexpand
                0x00109290       0xb0 engine.o
 .text.stbi__getn
                0x00109340       0xa0 engine.o
 .text.stbi__vertical_flip
                0x001093e0       0xb4 engine.o
 .text.stbi__malloc_mad2
                0x00109494       0x60 engine.o
 .text.stbi__convert_format16
                0x001094f4      0x698 engine.o
 *fill*         0x00109b8c        0x4 
 .text.stbi__hdr_convert
                0x00109b90      0x114 engine.o
 .text.stbi__resample_row_h_2
                0x00109ca4       0xd0 engine.o
 .text.stbi__shiftsigned
                0x00109d74       0x8c engine.o
 .text.stbi__zbuild_huffman
                0x00109e00      0x1fc engine.o
 .text.stbi__free_jpeg_components.constprop.0
                0x00109ffc       0x8c engine.o
 .text.stbi__mad4sizes_valid.constprop.0
                0x0010a088       0xac engine.o
 .text.stbi__pnm_getinteger
                0x0010a134      0x110 engine.o
 .text.stbi__pnm_skip_whitespace
                0x0010a244      0x1e8 engine.o
 .text.stbi__gif_parse_colortable
                0x0010a42c       0xfc engine.o
 .text.stbi__compute_huffman_codes
                0x0010a528      0x2ec engine.o
 .text.stbi__parse_zlib
                0x0010a814      0x5a8 engine.o
 .text.stbi__malloc_mad3
                0x0010adbc       0x90 engine.o
 .text.stbi__create_png_image_raw
                0x0010ae4c     0x102c engine.o
 .text.stbi__convert_format
                0x0010be78      0x680 engine.o
 .text.stbi__hdr_test
                0x0010c4f8       0xf4 engine.o
 .text.stbi__skip
                0x0010c5ec       0x58 engine.o
 .text.stbi__get16le
                0x0010c644       0x94 engine.o
 .text.stbi__get16be
                0x0010c6d8       0x98 engine.o
 .text.stbi__get32le
                0x0010c770      0x118 engine.o
 .text.stbi__get32be
                0x0010c888      0x12c engine.o
 .text.stbi__hdr_gettoken
                0x0010c9b4      0x190 engine.o
 .text.stbi__grow_buffer_unsafe
                0x0010cb44       0xdc engine.o
 .text.stbi__extend_receive
                0x0010cc20       0x78 engine.o
 .text.stbi__jpeg_huff_decode
                0x0010cc98      0x13c engine.o
 .text.stbi__jpeg_decode_block
                0x0010cdd4      0x308 engine.o
 .text.stbi__jpeg_decode_block_prog_dc
                0x0010d0dc      0x218 engine.o
 .text.stbi__pnm_info
                0x0010d2f4      0x1d0 engine.o
 .text.stbi__bmp_parse_header.constprop.0
                0x0010d4c4      0x40c engine.o
 .text.stbi__bmp_load.isra.0
                0x0010d8d0      0xe18 engine.o
 .text.stbi__gif_test_raw
                0x0010e6e8      0x180 engine.o
 .text.stbi__hdr_load.isra.0
                0x0010e868      0x774 engine.o
 .text.stbi__gif_header
                0x0010efdc      0x30c engine.o
 .text.stbi__gif_load_next.isra.0
                0x0010f2e8      0xa20 engine.o
 .text.stbi__gif_load.isra.0
                0x0010fd08       0xd8 engine.o
 .text.stbi__process_marker
                0x0010fde0      0x834 engine.o
 *fill*         0x00110614        0x4 
 .text.stbi__decode_jpeg_header
                0x00110618      0x930 engine.o
 .text.stbi__decode_jpeg_image
                0x00110f48     0x1580 engine.o
 .text.stbi_zlib_decode_malloc_guesssize_headerflag
                0x001124c8       0xa0 engine.o
                0x001124c8                stbi_zlib_decode_malloc_guesssize_headerflag
 .text.stbi__parse_png_file
                0x00112568     0x1254 engine.o
 .text.stbi__load_main
                0x001137bc     0x33dc engine.o
 .text.stbi__load_and_postprocess_8bit
                0x00116b98      0x164 engine.o
 .text.load_texture
                0x00116cfc      0x1a4 engine.o
                0x00116cfc                load_texture
 .text.engine_init_game
                0x00116ea0      0x38c engine.o
                0x00116ea0                engine_init_game
 .text.engine_reset_arrows
                0x0011722c       0xb4 engine.o
                0x0011722c                engine_reset_arrows
 .text.engine_draw_model_rotated
                0x001172e0       0xe4 engine.o
                0x001172e0                engine_draw_model_rotated
 .text.engine_check_collision
                0x001173c4       0xb4 engine.o
                0x001173c4                engine_check_collision
 .text.engine_draw_explosion
                0x00117478      0x10c engine.o
                0x00117478                engine_draw_explosion
 .text.engine_state_manager.part.0
                0x00117584      0x240 engine.o
 .text.engine_loop
                0x001177c4       0x1c engine.o
                0x001177c4                engine_loop
 .text.init_music
                0x001177e0       0x54 music.o
                0x001177e0                init_music
 .text._configAttribBuffer.constprop.0
                0x00117834       0x94 /opt/devkitpro/devkitARM/bin/../lib/gcc/arm-none-eabi/13.2.0/../../../../arm-none-eabi/lib/libpicaGL.a(arrays.o)
 .text.glVertexPointer
                0x001178c8      0x110 /opt/devkitpro/devkitARM/bin/../lib/gcc/arm-none-eabi/13.2.0/../../../../arm-none-eabi/lib/libpicaGL.a(arrays.o)
                0x001178c8                glVertexPointer
 .text.glTexCoordPointer
                0x001179d8      0x108 /opt/devkitpro/devkitARM/bin/../lib/gcc/arm-none-eabi/13.2.0/../../../../arm-none-eabi/lib/libpicaGL.a(arrays.o)
                0x001179d8                glTexCoordPointer
 .text.glEnableClientState
                0x00117ae0       0x6c /opt/devkitpro/devkitARM/bin/../lib/gcc/arm-none-eabi/13.2.0/../../../../arm-none-eabi/lib/libpicaGL.a(arrays.o)
                0x00117ae0                glEnableClientState
 .text.glDisableClientState
                0x00117b4c       0x6c /opt/devkitpro/devkitARM/bin/../lib/gcc/arm-none-eabi/13.2.0/../../../../arm-none-eabi/lib/libpicaGL.a(arrays.o)
                0x00117b4c                glDisableClientState
 .text.glDrawRangeElements
                0x00117bb8      0x4e8 /opt/devkitpro/devkitARM/bin/../lib/gcc/arm-none-eabi/13.2.0/../../../../arm-none-eabi/lib/libpicaGL.a(arrays.o)
                0x00117bb8                glDrawRangeElements
 .text.glDrawArrays
                0x001180a0       0x44 /opt/devkitpro/devkitARM/bin/../lib/gcc/arm-none-eabi/13.2.0/../../../../arm-none-eabi/lib/libpicaGL.a(arrays.o)
                0x001180a0                glDrawArrays
 .text.glClearDepth
                0x001180e4       0x1c /opt/devkitpro/devkitARM/bin/../lib/gcc/arm-none-eabi/13.2.0/../../../../arm-none-eabi/lib/libpicaGL.a(depth.o)
                0x001180e4                glClearDepth
 .text.gluPerspective
                0x00118100       0x78 /opt/devkitpro/devkitARM/bin/../lib/gcc/arm-none-eabi/13.2.0/../../../../arm-none-eabi/lib/libpicaGL.a(glu.o)
                0x00118100                gluPerspective
 .text.glBegin  0x00118178       0x7c /opt/devkitpro/devkitARM/bin/../lib/gcc/arm-none-eabi/13.2.0/../../../../arm-none-eabi/lib/libpicaGL.a(immediate.o)
                0x00118178                glBegin
 .text.glColor3f
                0x001181f4       0x2c /opt/devkitpro/devkitARM/bin/../lib/gcc/arm-none-eabi/13.2.0/../../../../arm-none-eabi/lib/libpicaGL.a(immediate.o)
                0x001181f4                glColor3f
 .text.glColor4f
                0x00118220       0x28 /opt/devkitpro/devkitARM/bin/../lib/gcc/arm-none-eabi/13.2.0/../../../../arm-none-eabi/lib/libpicaGL.a(immediate.o)
                0x00118220                glColor4f
 .text.glVertex3f
                0x00118248       0x84 /opt/devkitpro/devkitARM/bin/../lib/gcc/arm-none-eabi/13.2.0/../../../../arm-none-eabi/lib/libpicaGL.a(immediate.o)
                0x00118248                glVertex3f
 .text.glEnd    0x001182cc       0x30 /opt/devkitpro/devkitARM/bin/../lib/gcc/arm-none-eabi/13.2.0/../../../../arm-none-eabi/lib/libpicaGL.a(immediate.o)
                0x001182cc                glEnd
 .text.glLoadIdentity
                0x001182fc       0x50 /opt/devkitpro/devkitARM/bin/../lib/gcc/arm-none-eabi/13.2.0/../../../../arm-none-eabi/lib/libpicaGL.a(matrix.o)
                0x001182fc                glLoadIdentity
 .text.glTranslatef
                0x0011834c       0x2c /opt/devkitpro/devkitARM/bin/../lib/gcc/arm-none-eabi/13.2.0/../../../../arm-none-eabi/lib/libpicaGL.a(matrix.o)
                0x0011834c                glTranslatef
 .text.glRotatef
                0x00118378      0x118 /opt/devkitpro/devkitARM/bin/../lib/gcc/arm-none-eabi/13.2.0/../../../../arm-none-eabi/lib/libpicaGL.a(matrix.o)
                0x00118378                glRotatef
 .text.glMatrixMode
                0x00118490       0x30 /opt/devkitpro/devkitARM/bin/../lib/gcc/arm-none-eabi/13.2.0/../../../../arm-none-eabi/lib/libpicaGL.a(matrix.o)
                0x00118490                glMatrixMode
 .text.glFrustum
                0x001184c0       0x48 /opt/devkitpro/devkitARM/bin/../lib/gcc/arm-none-eabi/13.2.0/../../../../arm-none-eabi/lib/libpicaGL.a(matrix.o)
                0x001184c0                glFrustum
 .text.glClear  0x00118508      0x1b0 /opt/devkitpro/devkitARM/bin/../lib/gcc/arm-none-eabi/13.2.0/../../../../arm-none-eabi/lib/libpicaGL.a(misc.o)
                0x00118508                glClear
 .text.glClearColor
                0x001186b8       0x20 /opt/devkitpro/devkitARM/bin/../lib/gcc/arm-none-eabi/13.2.0/../../../../arm-none-eabi/lib/libpicaGL.a(misc.o)
                0x001186b8                glClearColor
 .text.glCullFace
                0x001186d8       0x34 /opt/devkitpro/devkitARM/bin/../lib/gcc/arm-none-eabi/13.2.0/../../../../arm-none-eabi/lib/libpicaGL.a(misc.o)
                0x001186d8                glCullFace
 .text.glFlush  0x0011870c       0xd4 /opt/devkitpro/devkitARM/bin/../lib/gcc/arm-none-eabi/13.2.0/../../../../arm-none-eabi/lib/libpicaGL.a(misc.o)
                0x0011870c                glFlush
 .text.glViewport
                0x001187e0       0x44 /opt/devkitpro/devkitARM/bin/../lib/gcc/arm-none-eabi/13.2.0/../../../../arm-none-eabi/lib/libpicaGL.a(misc.o)
                0x001187e0                glViewport
 .text.glScissor
                0x00118824       0x44 /opt/devkitpro/devkitARM/bin/../lib/gcc/arm-none-eabi/13.2.0/../../../../arm-none-eabi/lib/libpicaGL.a(misc.o)
                0x00118824                glScissor
 .text._picaRenderBuffer
                0x00118868      0x120 /opt/devkitpro/devkitARM/bin/../lib/gcc/arm-none-eabi/13.2.0/../../../../arm-none-eabi/lib/libpicaGL.a(pica.o)
                0x00118868                _picaRenderBuffer
 .text._picaViewport
                0x00118988       0xb0 /opt/devkitpro/devkitARM/bin/../lib/gcc/arm-none-eabi/13.2.0/../../../../arm-none-eabi/lib/libpicaGL.a(pica.o)
                0x00118988                _picaViewport
 .text._picaScissorTest
                0x00118a38       0x58 /opt/devkitpro/devkitARM/bin/../lib/gcc/arm-none-eabi/13.2.0/../../../../arm-none-eabi/lib/libpicaGL.a(pica.o)
                0x00118a38                _picaScissorTest
 .text._picaCullMode
                0x00118a90       0x30 /opt/devkitpro/devkitARM/bin/../lib/gcc/arm-none-eabi/13.2.0/../../../../arm-none-eabi/lib/libpicaGL.a(pica.o)
                0x00118a90                _picaCullMode
 .text._picaAttribBuffersLocation
                0x00118ac0       0x34 /opt/devkitpro/devkitARM/bin/../lib/gcc/arm-none-eabi/13.2.0/../../../../arm-none-eabi/lib/libpicaGL.a(pica.o)
                0x00118ac0                _picaAttribBuffersLocation
 .text._picaAttribBuffersFormat
                0x00118af4       0xa8 /opt/devkitpro/devkitARM/bin/../lib/gcc/arm-none-eabi/13.2.0/../../../../arm-none-eabi/lib/libpicaGL.a(pica.o)
                0x00118af4                _picaAttribBuffersFormat
 .text._picaAttribBufferConfig
                0x00118b9c       0x3c /opt/devkitpro/devkitARM/bin/../lib/gcc/arm-none-eabi/13.2.0/../../../../arm-none-eabi/lib/libpicaGL.a(pica.o)
                0x00118b9c                _picaAttribBufferConfig
 .text._picaAttribBufferOffset
                0x00118bd8       0x3c /opt/devkitpro/devkitARM/bin/../lib/gcc/arm-none-eabi/13.2.0/../../../../arm-none-eabi/lib/libpicaGL.a(pica.o)
                0x00118bd8                _picaAttribBufferOffset
 .text._picaDrawArray
                0x00118c14      0x130 /opt/devkitpro/devkitARM/bin/../lib/gcc/arm-none-eabi/13.2.0/../../../../arm-none-eabi/lib/libpicaGL.a(pica.o)
                0x00118c14                _picaDrawArray
 .text._picaDrawElements
                0x00118d44      0x138 /opt/devkitpro/devkitARM/bin/../lib/gcc/arm-none-eabi/13.2.0/../../../../arm-none-eabi/lib/libpicaGL.a(pica.o)
                0x00118d44                _picaDrawElements
 .text._picaDepthMap
                0x00118e7c       0x84 /opt/devkitpro/devkitARM/bin/../lib/gcc/arm-none-eabi/13.2.0/../../../../arm-none-eabi/lib/libpicaGL.a(pica.o)
                0x00118e7c                _picaDepthMap
 .text._picaStencilTest
                0x00118f00       0x54 /opt/devkitpro/devkitARM/bin/../lib/gcc/arm-none-eabi/13.2.0/../../../../arm-none-eabi/lib/libpicaGL.a(pica.o)
                0x00118f00                _picaStencilTest
 .text._picaStencilOp
                0x00118f54       0x3c /opt/devkitpro/devkitARM/bin/../lib/gcc/arm-none-eabi/13.2.0/../../../../arm-none-eabi/lib/libpicaGL.a(pica.o)
                0x00118f54                _picaStencilOp
 .text._picaAlphaTest
                0x00118f90       0x44 /opt/devkitpro/devkitARM/bin/../lib/gcc/arm-none-eabi/13.2.0/../../../../arm-none-eabi/lib/libpicaGL.a(pica.o)
                0x00118f90                _picaAlphaTest
 .text._picaTextureEnvSet
                0x00118fd4       0x68 /opt/devkitpro/devkitARM/bin/../lib/gcc/arm-none-eabi/13.2.0/../../../../arm-none-eabi/lib/libpicaGL.a(pica.o)
                0x00118fd4                _picaTextureEnvSet
 .text._picaTextureEnvReset
                0x0011903c       0x20 /opt/devkitpro/devkitARM/bin/../lib/gcc/arm-none-eabi/13.2.0/../../../../arm-none-eabi/lib/libpicaGL.a(pica.o)
                0x0011903c                _picaTextureEnvReset
 .text._picaEarlyDepthTest
                0x0011905c       0x44 /opt/devkitpro/devkitARM/bin/../lib/gcc/arm-none-eabi/13.2.0/../../../../arm-none-eabi/lib/libpicaGL.a(pica.o)
                0x0011905c                _picaEarlyDepthTest
 .text._picaBlendFunction
                0x001190a0       0x78 /opt/devkitpro/devkitARM/bin/../lib/gcc/arm-none-eabi/13.2.0/../../../../arm-none-eabi/lib/libpicaGL.a(pica.o)
                0x001190a0                _picaBlendFunction
 .text._picaUniformFloat
                0x00119118       0x70 /opt/devkitpro/devkitARM/bin/../lib/gcc/arm-none-eabi/13.2.0/../../../../arm-none-eabi/lib/libpicaGL.a(pica.o)
                0x00119118                _picaUniformFloat
 .text._picaDepthTestWriteMask
                0x00119188       0x44 /opt/devkitpro/devkitARM/bin/../lib/gcc/arm-none-eabi/13.2.0/../../../../arm-none-eabi/lib/libpicaGL.a(pica.o)
                0x00119188                _picaDepthTestWriteMask
 .text._picaFinalize
                0x001191cc       0x64 /opt/devkitpro/devkitARM/bin/../lib/gcc/arm-none-eabi/13.2.0/../../../../arm-none-eabi/lib/libpicaGL.a(pica.o)
                0x001191cc                _picaFinalize
 .text._picaBlendColor
                0x00119230       0x2c /opt/devkitpro/devkitARM/bin/../lib/gcc/arm-none-eabi/13.2.0/../../../../arm-none-eabi/lib/libpicaGL.a(pica.o)
                0x00119230                _picaBlendColor
 .text._picaTextureObjectSet
                0x0011925c      0x1b4 /opt/devkitpro/devkitARM/bin/../lib/gcc/arm-none-eabi/13.2.0/../../../../arm-none-eabi/lib/libpicaGL.a(pica.o)
                0x0011925c                _picaTextureObjectSet
 .text._picaImmediateBegin
                0x00119410       0xb4 /opt/devkitpro/devkitARM/bin/../lib/gcc/arm-none-eabi/13.2.0/../../../../arm-none-eabi/lib/libpicaGL.a(pica.o)
                0x00119410                _picaImmediateBegin
 .text._picaImmediateEnd
                0x001194c4       0x60 /opt/devkitpro/devkitARM/bin/../lib/gcc/arm-none-eabi/13.2.0/../../../../arm-none-eabi/lib/libpicaGL.a(pica.o)
                0x001194c4                _picaImmediateEnd
 .text._picaFixedAttribute
                0x00119524       0xa8 /opt/devkitpro/devkitARM/bin/../lib/gcc/arm-none-eabi/13.2.0/../../../../arm-none-eabi/lib/libpicaGL.a(pica.o)
                0x00119524                _picaFixedAttribute
 .text._picaTexUnitEnable
                0x001195cc       0x4c /opt/devkitpro/devkitARM/bin/../lib/gcc/arm-none-eabi/13.2.0/../../../../arm-none-eabi/lib/libpicaGL.a(pica.o)
                0x001195cc                _picaTexUnitEnable
 .text._picaLogicOp
                0x00119618       0x48 /opt/devkitpro/devkitARM/bin/../lib/gcc/arm-none-eabi/13.2.0/../../../../arm-none-eabi/lib/libpicaGL.a(pica.o)
                0x00119618                _picaLogicOp
 .text._AptEventHook
                0x00119660       0x8c /opt/devkitpro/devkitARM/bin/../lib/gcc/arm-none-eabi/13.2.0/../../../../arm-none-eabi/lib/libpicaGL.a(picaGL.o)
 .text.pglInit  0x001196ec       0x40 /opt/devkitpro/devkitARM/bin/../lib/gcc/arm-none-eabi/13.2.0/../../../../arm-none-eabi/lib/libpicaGL.a(picaGL.o)
                0x001196ec                pglInit
 .text.pglExit  0x0011972c       0x20 /opt/devkitpro/devkitARM/bin/../lib/gcc/arm-none-eabi/13.2.0/../../../../arm-none-eabi/lib/libpicaGL.a(picaGL.o)
                0x0011972c                pglExit
 .text.pglSwapBuffers
                0x0011974c       0xa4 /opt/devkitpro/devkitARM/bin/../lib/gcc/arm-none-eabi/13.2.0/../../../../arm-none-eabi/lib/libpicaGL.a(picaGL.o)
                0x0011974c                pglSwapBuffers
 .text.pglSelectScreen
                0x001197f0       0x18 /opt/devkitpro/devkitARM/bin/../lib/gcc/arm-none-eabi/13.2.0/../../../../arm-none-eabi/lib/libpicaGL.a(picaGL.o)
                0x001197f0                pglSelectScreen
 .text._queueWaitAndClear
                0x00119808       0x30 /opt/devkitpro/devkitARM/bin/../lib/gcc/arm-none-eabi/13.2.0/../../../../arm-none-eabi/lib/libpicaGL.a(queue.o)
                0x00119808                _queueWaitAndClear
 .text._queueRun
                0x00119838       0x44 /opt/devkitpro/devkitARM/bin/../lib/gcc/arm-none-eabi/13.2.0/../../../../arm-none-eabi/lib/libpicaGL.a(queue.o)
                0x00119838                _queueRun
 .text._stateInitialize
                0x0011987c      0x190 /opt/devkitpro/devkitARM/bin/../lib/gcc/arm-none-eabi/13.2.0/../../../../arm-none-eabi/lib/libpicaGL.a(state.o)
                0x0011987c                _stateInitialize
 *fill*         0x00119a0c        0x4 
 .text._stateDefault
                0x00119a10      0x1dc /opt/devkitpro/devkitARM/bin/../lib/gcc/arm-none-eabi/13.2.0/../../../../arm-none-eabi/lib/libpicaGL.a(state.o)
                0x00119a10                _stateDefault
 .text._stateFlush
                0x00119bec      0x310 /opt/devkitpro/devkitARM/bin/../lib/gcc/arm-none-eabi/13.2.0/../../../../arm-none-eabi/lib/libpicaGL.a(state.o)
                0x00119bec                _stateFlush
 .text.glEnable
                0x00119efc      0x17c /opt/devkitpro/devkitARM/bin/../lib/gcc/arm-none-eabi/13.2.0/../../../../arm-none-eabi/lib/libpicaGL.a(state.o)
                0x00119efc                glEnable
 .text.glShadeModel
                0x0011a078        0x4 /opt/devkitpro/devkitARM/bin/../lib/gcc/arm-none-eabi/13.2.0/../../../../arm-none-eabi/lib/libpicaGL.a(stubs.o)
                0x0011a078                glShadeModel
 .text.glNormalPointer
                0x0011a07c        0x4 /opt/devkitpro/devkitARM/bin/../lib/gcc/arm-none-eabi/13.2.0/../../../../arm-none-eabi/lib/libpicaGL.a(stubs.o)
                0x0011a07c                glNormalPointer
 .text._readRGBA8
                0x0011a080        0x8 /opt/devkitpro/devkitARM/bin/../lib/gcc/arm-none-eabi/13.2.0/../../../../arm-none-eabi/lib/libpicaGL.a(texture.o)
                0x0011a080                _readRGBA8
 .text._readRGB8
                0x0011a088       0x20 /opt/devkitpro/devkitARM/bin/../lib/gcc/arm-none-eabi/13.2.0/../../../../arm-none-eabi/lib/libpicaGL.a(texture.o)
                0x0011a088                _readRGB8
 .text._readLA8
                0x0011a0a8       0x1c /opt/devkitpro/devkitARM/bin/../lib/gcc/arm-none-eabi/13.2.0/../../../../arm-none-eabi/lib/libpicaGL.a(texture.o)
                0x0011a0a8                _readLA8
 .text._readA8  0x0011a0c4       0x10 /opt/devkitpro/devkitARM/bin/../lib/gcc/arm-none-eabi/13.2.0/../../../../arm-none-eabi/lib/libpicaGL.a(texture.o)
                0x0011a0c4                _readA8
 .text._writeRGBA4
                0x0011a0d4       0x2c /opt/devkitpro/devkitARM/bin/../lib/gcc/arm-none-eabi/13.2.0/../../../../arm-none-eabi/lib/libpicaGL.a(texture.o)
                0x0011a0d4                _writeRGBA4
 .text._writeRGB565
                0x0011a100       0x24 /opt/devkitpro/devkitARM/bin/../lib/gcc/arm-none-eabi/13.2.0/../../../../arm-none-eabi/lib/libpicaGL.a(texture.o)
                0x0011a100                _writeRGB565
 .text._writeLA4
                0x0011a124       0x10 /opt/devkitpro/devkitARM/bin/../lib/gcc/arm-none-eabi/13.2.0/../../../../arm-none-eabi/lib/libpicaGL.a(texture.o)
                0x0011a124                _writeLA4
 .text._writeLA8
                0x0011a134       0x14 /opt/devkitpro/devkitARM/bin/../lib/gcc/arm-none-eabi/13.2.0/../../../../arm-none-eabi/lib/libpicaGL.a(texture.o)
                0x0011a134                _writeLA8
 .text._writeA8
                0x0011a148        0xc /opt/devkitpro/devkitARM/bin/../lib/gcc/arm-none-eabi/13.2.0/../../../../arm-none-eabi/lib/libpicaGL.a(texture.o)
                0x0011a148                _writeA8
 .text._textureTile
                0x0011a154      0x280 /opt/devkitpro/devkitARM/bin/../lib/gcc/arm-none-eabi/13.2.0/../../../../arm-none-eabi/lib/libpicaGL.a(texture.o)
 .text.glTexEnvi.part.0
                0x0011a3d4      0x1c8 /opt/devkitpro/devkitARM/bin/../lib/gcc/arm-none-eabi/13.2.0/../../../../arm-none-eabi/lib/libpicaGL.a(texture.o)
 .text.glActiveTexture
                0x0011a59c       0x18 /opt/devkitpro/devkitARM/bin/../lib/gcc/arm-none-eabi/13.2.0/../../../../arm-none-eabi/lib/libpicaGL.a(texture.o)
                0x0011a59c                glActiveTexture
 .text.glTexImage2D
                0x0011a5b4      0x290 /opt/devkitpro/devkitARM/bin/../lib/gcc/arm-none-eabi/13.2.0/../../../../arm-none-eabi/lib/libpicaGL.a(texture.o)
                0x0011a5b4                glTexImage2D
 .text.glTexParameterf
                0x0011a844      0x160 /opt/devkitpro/devkitARM/bin/../lib/gcc/arm-none-eabi/13.2.0/../../../../arm-none-eabi/lib/libpicaGL.a(texture.o)
                0x0011a844                glTexParameterf
 .text.glTexParameteri
                0x0011a9a4        0xc /opt/devkitpro/devkitARM/bin/../lib/gcc/arm-none-eabi/13.2.0/../../../../arm-none-eabi/lib/libpicaGL.a(texture.o)
                0x0011a9a4                glTexParameteri
 .text.glBindTexture
                0x0011a9b0       0xa0 /opt/devkitpro/devkitARM/bin/../lib/gcc/arm-none-eabi/13.2.0/../../../../arm-none-eabi/lib/libpicaGL.a(texture.o)
                0x0011a9b0                glBindTexture
 .text.glGenTextures
                0x0011aa50       0x80 /opt/devkitpro/devkitARM/bin/../lib/gcc/arm-none-eabi/13.2.0/../../../../arm-none-eabi/lib/libpicaGL.a(texture.o)
                0x0011aa50                glGenTextures
 .text.glTexEnvf
                0x0011aad0       0x18 /opt/devkitpro/devkitARM/bin/../lib/gcc/arm-none-eabi/13.2.0/../../../../arm-none-eabi/lib/libpicaGL.a(texture.o)
                0x0011aad0                glTexEnvf
 .text.hashTableGet
                0x0011aae8       0x48 /opt/devkitpro/devkitARM/bin/../lib/gcc/arm-none-eabi/13.2.0/../../../../arm-none-eabi/lib/libpicaGL.a(hashtable.o)
                0x0011aae8                hashTableGet
 .text.hashTableInsert
                0x0011ab30       0x8c /opt/devkitpro/devkitARM/bin/../lib/gcc/arm-none-eabi/13.2.0/../../../../arm-none-eabi/lib/libpicaGL.a(hashtable.o)
                0x0011ab30                hashTableInsert
 .text.hashTableUniqueKey
                0x0011abbc        0xc /opt/devkitpro/devkitARM/bin/../lib/gcc/arm-none-eabi/13.2.0/../../../../arm-none-eabi/lib/libpicaGL.a(hashtable.o)
                0x0011abbc                hashTableUniqueKey
 .text.matrix4x4_multiply
                0x0011abc8       0x74 /opt/devkitpro/devkitARM/bin/../lib/gcc/arm-none-eabi/13.2.0/../../../../arm-none-eabi/lib/libpicaGL.a(math_utils.o)
                0x0011abc8                matrix4x4_multiply
 .text.matrix4x4_translate
                0x0011ac3c       0x9c /opt/devkitpro/devkitARM/bin/../lib/gcc/arm-none-eabi/13.2.0/../../../../arm-none-eabi/lib/libpicaGL.a(math_utils.o)
                0x0011ac3c                matrix4x4_translate
 .text.matrix4x4_rotate_x
                0x0011acd8       0xb8 /opt/devkitpro/devkitARM/bin/../lib/gcc/arm-none-eabi/13.2.0/../../../../arm-none-eabi/lib/libpicaGL.a(math_utils.o)
                0x0011acd8                matrix4x4_rotate_x
 .text.matrix4x4_rotate_y
                0x0011ad90       0xb8 /opt/devkitpro/devkitARM/bin/../lib/gcc/arm-none-eabi/13.2.0/../../../../arm-none-eabi/lib/libpicaGL.a(math_utils.o)
                0x0011ad90                matrix4x4_rotate_y
 .text.matrix4x4_rotate_z
                0x0011ae48       0xb8 /opt/devkitpro/devkitARM/bin/../lib/gcc/arm-none-eabi/13.2.0/../../../../arm-none-eabi/lib/libpicaGL.a(math_utils.o)
                0x0011ae48                matrix4x4_rotate_z
 .text.matrix4x4_frustum
                0x0011af00       0xf0 /opt/devkitpro/devkitARM/bin/../lib/gcc/arm-none-eabi/13.2.0/../../../../arm-none-eabi/lib/libpicaGL.a(math_utils.o)
                0x0011af00                matrix4x4_frustum
 .text.glAlphaFunc
                0x0011aff0       0x4c /opt/devkitpro/devkitARM/bin/../lib/gcc/arm-none-eabi/13.2.0/../../../../arm-none-eabi/lib/libpicaGL.a(blend.o)
                0x0011aff0                glAlphaFunc
 .text.glBlendEquation
                0x0011b03c       0x44 /opt/devkitpro/devkitARM/bin/../lib/gcc/arm-none-eabi/13.2.0/../../../../arm-none-eabi/lib/libpicaGL.a(blend.o)
                0x0011b03c                glBlendEquation
 .text.glBlendFunc
                0x0011b080      0x1fc /opt/devkitpro/devkitARM/bin/../lib/gcc/arm-none-eabi/13.2.0/../../../../arm-none-eabi/lib/libpicaGL.a(blend.o)
                0x0011b080                glBlendFunc
 .text._Mix_remove_all_effects
                0x0011b27c       0x58 /opt/devkitpro/portlibs/3ds/lib/libSDL_mixer.a(mixer.o)
 .text.Mix_DoEffects
                0x0011b2d4       0xac /opt/devkitpro/portlibs/3ds/lib/libSDL_mixer.a(mixer.o)
 .text.Mix_Init
                0x0011b380       0xd4 /opt/devkitpro/portlibs/3ds/lib/libSDL_mixer.a(mixer.o)
                0x0011b380                Mix_Init
 .text.Mix_Volume
                0x0011b454       0x98 /opt/devkitpro/portlibs/3ds/lib/libSDL_mixer.a(mixer.o)
                0x0011b454                Mix_Volume
 .text.mix_channels
                0x0011b4ec      0x470 /opt/devkitpro/portlibs/3ds/lib/libSDL_mixer.a(mixer.o)
 .text.Mix_HaltChannel
                0x0011b95c       0xf4 /opt/devkitpro/portlibs/3ds/lib/libSDL_mixer.a(mixer.o)
                0x0011b95c                Mix_HaltChannel
 .text.Mix_CloseAudio
                0x0011ba50      0x12c /opt/devkitpro/portlibs/3ds/lib/libSDL_mixer.a(mixer.o)
                0x0011ba50                Mix_CloseAudio
 .text.Mix_OpenAudio
                0x0011bb7c      0x258 /opt/devkitpro/portlibs/3ds/lib/libSDL_mixer.a(mixer.o)
                0x0011bb7c                Mix_OpenAudio
 .text.music_internal_volume
                0x0011bdd4       0x88 /opt/devkitpro/portlibs/3ds/lib/libSDL_mixer.a(music.o)
 .text.music_internal_halt
                0x0011be5c       0xa0 /opt/devkitpro/portlibs/3ds/lib/libSDL_mixer.a(music.o)
 .text.music_internal_position
                0x0011befc       0x70 /opt/devkitpro/portlibs/3ds/lib/libSDL_mixer.a(music.o)
 .text.music_internal_playing
                0x0011bf6c       0xd4 /opt/devkitpro/portlibs/3ds/lib/libSDL_mixer.a(music.o)
 .text.music_internal_play
                0x0011c040      0x164 /opt/devkitpro/portlibs/3ds/lib/libSDL_mixer.a(music.o)
 *fill*         0x0011c1a4        0x4 
 .text.music_halt_or_loop.isra.0
                0x0011c1a8       0x7c /opt/devkitpro/portlibs/3ds/lib/libSDL_mixer.a(music.o)
 .text.music_mixer
                0x0011c224      0x1f0 /opt/devkitpro/portlibs/3ds/lib/libSDL_mixer.a(music.o)
                0x0011c224                music_mixer
 *fill*         0x0011c414        0x4 
 .text.open_music
                0x0011c418      0x280 /opt/devkitpro/portlibs/3ds/lib/libSDL_mixer.a(music.o)
                0x0011c418                open_music
 .text.Mix_VolumeMusic
                0x0011c698       0x50 /opt/devkitpro/portlibs/3ds/lib/libSDL_mixer.a(music.o)
                0x0011c698                Mix_VolumeMusic
 .text.close_music
                0x0011c6e8       0x60 /opt/devkitpro/portlibs/3ds/lib/libSDL_mixer.a(music.o)
                0x0011c6e8                close_music
 .text.WAVStream_Init
                0x0011c748       0x28 /opt/devkitpro/portlibs/3ds/lib/libSDL_mixer.a(wavestream.o)
                0x0011c748                WAVStream_Init
 .text.WAVStream_SetVolume
                0x0011c770       0x10 /opt/devkitpro/portlibs/3ds/lib/libSDL_mixer.a(wavestream.o)
                0x0011c770                WAVStream_SetVolume
 .text.WAVStream_Start
                0x0011c780       0x2c /opt/devkitpro/portlibs/3ds/lib/libSDL_mixer.a(wavestream.o)
                0x0011c780                WAVStream_Start
 .text.WAVStream_PlaySome
                0x0011c7ac      0x1b4 /opt/devkitpro/portlibs/3ds/lib/libSDL_mixer.a(wavestream.o)
                0x0011c7ac                WAVStream_PlaySome
 .text.WAVStream_Stop
                0x0011c960       0x14 /opt/devkitpro/portlibs/3ds/lib/libSDL_mixer.a(wavestream.o)
                0x0011c960                WAVStream_Stop
 .text.WAVStream_Active
                0x0011c974       0x44 /opt/devkitpro/portlibs/3ds/lib/libSDL_mixer.a(wavestream.o)
                0x0011c974                WAVStream_Active
 .text.Mix_InitMOD
                0x0011c9b8      0x134 /opt/devkitpro/portlibs/3ds/lib/libSDL_mixer.a(dynamic_mod.o)
                0x0011c9b8                Mix_InitMOD
 .text.MOD_init
                0x0011caec      0x1f4 /opt/devkitpro/portlibs/3ds/lib/libSDL_mixer.a(music_mod.o)
                0x0011caec                MOD_init
 .text.MOD_exit
                0x0011cce0       0x18 /opt/devkitpro/portlibs/3ds/lib/libSDL_mixer.a(music_mod.o)
                0x0011cce0                MOD_exit
 .text.MOD_setvolume
                0x0011ccf8       0x14 /opt/devkitpro/portlibs/3ds/lib/libSDL_mixer.a(music_mod.o)
                0x0011ccf8                MOD_setvolume
 .text.MOD_play
                0x0011cd0c       0x10 /opt/devkitpro/portlibs/3ds/lib/libSDL_mixer.a(music_mod.o)
                0x0011cd0c                MOD_play
 .text.MOD_playing
                0x0011cd1c       0x10 /opt/devkitpro/portlibs/3ds/lib/libSDL_mixer.a(music_mod.o)
                0x0011cd1c                MOD_playing
 .text.MOD_playAudio
                0x0011cd2c      0x1fc /opt/devkitpro/portlibs/3ds/lib/libSDL_mixer.a(music_mod.o)
                0x0011cd2c                MOD_playAudio
 .text.MOD_stop
                0x0011cf28       0x10 /opt/devkitpro/portlibs/3ds/lib/libSDL_mixer.a(music_mod.o)
                0x0011cf28                MOD_stop
 .text.MOD_jump_to_time
                0x0011cf38       0x1c /opt/devkitpro/portlibs/3ds/lib/libSDL_mixer.a(music_mod.o)
                0x0011cf38                MOD_jump_to_time
 *fill*         0x0011cf54        0x4 
 .text.recompute_freq
                0x0011cf58      0x1cc /opt/devkitpro/portlibs/3ds/lib/libSDL_mixer.a(playmidi.o)
 *fill*         0x0011d124        0x4 
 .text.recompute_amp
                0x0011d128      0x4f4 /opt/devkitpro/portlibs/3ds/lib/libSDL_mixer.a(playmidi.o)
 .text.finish_note
                0x0011d61c       0x90 /opt/devkitpro/portlibs/3ds/lib/libSDL_mixer.a(playmidi.o)
 .text.note_off
                0x0011d6ac       0xf0 /opt/devkitpro/portlibs/3ds/lib/libSDL_mixer.a(playmidi.o)
 .text.adjust_volume
                0x0011d79c       0x78 /opt/devkitpro/portlibs/3ds/lib/libSDL_mixer.a(playmidi.o)
 .text.do_compute_data.part.0
                0x0011d814       0xe4 /opt/devkitpro/portlibs/3ds/lib/libSDL_mixer.a(playmidi.o)
 .text.select_sample.isra.0
                0x0011d8f8       0x90 /opt/devkitpro/portlibs/3ds/lib/libSDL_mixer.a(playmidi.o)
 .text.start_note
                0x0011d988      0x85c /opt/devkitpro/portlibs/3ds/lib/libSDL_mixer.a(playmidi.o)
 *fill*         0x0011e1e4        0x4 
 .text.skip_to  0x0011e1e8      0x5c4 /opt/devkitpro/portlibs/3ds/lib/libSDL_mixer.a(playmidi.o)
 *fill*         0x0011e7ac        0x4 
 .text.compute_data
                0x0011e7b0      0x3c8 /opt/devkitpro/portlibs/3ds/lib/libSDL_mixer.a(playmidi.o)
 .text.Timidity_PlaySome
                0x0011eb78      0xca4 /opt/devkitpro/portlibs/3ds/lib/libSDL_mixer.a(playmidi.o)
                0x0011eb78                Timidity_PlaySome
 *fill*         0x0011f81c        0x4 
 .text.Timidity_SetVolume
                0x0011f820      0x114 /opt/devkitpro/portlibs/3ds/lib/libSDL_mixer.a(playmidi.o)
                0x0011f820                Timidity_SetVolume
 *fill*         0x0011f934        0x4 
 .text.Timidity_Start
                0x0011f938       0x9c /opt/devkitpro/portlibs/3ds/lib/libSDL_mixer.a(playmidi.o)
                0x0011f938                Timidity_Start
 .text.Timidity_Active
                0x0011f9d4       0x10 /opt/devkitpro/portlibs/3ds/lib/libSDL_mixer.a(playmidi.o)
                0x0011f9d4                Timidity_Active
 .text.Timidity_Stop
                0x0011f9e4       0x14 /opt/devkitpro/portlibs/3ds/lib/libSDL_mixer.a(playmidi.o)
                0x0011f9e4                Timidity_Stop
 .text.Timidity_Close
                0x0011f9f8       0x50 /opt/devkitpro/portlibs/3ds/lib/libSDL_mixer.a(playmidi.o)
                0x0011f9f8                Timidity_Close
 .text.init_tables
                0x0011fa48        0x4 /opt/devkitpro/portlibs/3ds/lib/libSDL_mixer.a(tables.o)
                0x0011fa48                init_tables
 .text.read_config_file
                0x0011fa4c      0xa0c /opt/devkitpro/portlibs/3ds/lib/libSDL_mixer.a(timidity.o)
 .text.Timidity_Init
                0x00120458      0x2d4 /opt/devkitpro/portlibs/3ds/lib/libSDL_mixer.a(timidity.o)
                0x00120458                Timidity_Init
 .text.Mix_InitOgg
                0x0012072c       0x64 /opt/devkitpro/portlibs/3ds/lib/libSDL_mixer.a(dynamic_ogg.o)
                0x0012072c                Mix_InitOgg
 .text.OGG_getsome
                0x00120790      0x148 /opt/devkitpro/portlibs/3ds/lib/libSDL_mixer.a(music_ogg.o)
 .text.OGG_init
                0x001208d8       0x28 /opt/devkitpro/portlibs/3ds/lib/libSDL_mixer.a(music_ogg.o)
                0x001208d8                OGG_init
 .text.OGG_setvolume
                0x00120900        0x8 /opt/devkitpro/portlibs/3ds/lib/libSDL_mixer.a(music_ogg.o)
                0x00120900                OGG_setvolume
 .text.OGG_play
                0x00120908        0xc /opt/devkitpro/portlibs/3ds/lib/libSDL_mixer.a(music_ogg.o)
                0x00120908                OGG_play
 .text.OGG_playing
                0x00120914        0x8 /opt/devkitpro/portlibs/3ds/lib/libSDL_mixer.a(music_ogg.o)
                0x00120914                OGG_playing
 .text.OGG_playAudio
                0x0012091c       0x9c /opt/devkitpro/portlibs/3ds/lib/libSDL_mixer.a(music_ogg.o)
                0x0012091c                OGG_playAudio
 .text.OGG_stop
                0x001209b8        0xc /opt/devkitpro/portlibs/3ds/lib/libSDL_mixer.a(music_ogg.o)
                0x001209b8                OGG_stop
 .text.OGG_jump_to_time
                0x001209c4       0x30 /opt/devkitpro/portlibs/3ds/lib/libSDL_mixer.a(music_ogg.o)
                0x001209c4                OGG_jump_to_time
 .text.read_next_frame
                0x001209f4      0x13c /opt/devkitpro/portlibs/3ds/lib/libSDL_mixer.a(music_mad.o)
 .text.mad_start
                0x00120b30       0x14 /opt/devkitpro/portlibs/3ds/lib/libSDL_mixer.a(music_mad.o)
                0x00120b30                mad_start
 .text.mad_stop
                0x00120b44       0x14 /opt/devkitpro/portlibs/3ds/lib/libSDL_mixer.a(music_mad.o)
                0x00120b44                mad_stop
 .text.mad_isPlaying
                0x00120b58       0x14 /opt/devkitpro/portlibs/3ds/lib/libSDL_mixer.a(music_mad.o)
                0x00120b58                mad_isPlaying
 .text.mad_getSamples
                0x00120b6c      0x284 /opt/devkitpro/portlibs/3ds/lib/libSDL_mixer.a(music_mad.o)
                0x00120b6c                mad_getSamples
 .text.mad_seek
                0x00120df0       0xf0 /opt/devkitpro/portlibs/3ds/lib/libSDL_mixer.a(music_mad.o)
                0x00120df0                mad_seek
 .text.mad_setVolume
                0x00120ee0        0xc /opt/devkitpro/portlibs/3ds/lib/libSDL_mixer.a(music_mad.o)
                0x00120ee0                mad_setVolume
 .text._Mix_InitEffects
                0x00120eec       0x28 /opt/devkitpro/portlibs/3ds/lib/libSDL_mixer.a(effects_internal.o)
                0x00120eec                _Mix_InitEffects
 .text._Mix_DeinitEffects
                0x00120f14        0x4 /opt/devkitpro/portlibs/3ds/lib/libSDL_mixer.a(effects_internal.o)
                0x00120f14                _Mix_DeinitEffects
 .text.close_file
                0x00120f18       0x28 /opt/devkitpro/portlibs/3ds/lib/libSDL_mixer.a(common.o)
                0x00120f18                close_file
 .text.skip     0x00120f40       0xa0 /opt/devkitpro/portlibs/3ds/lib/libSDL_mixer.a(common.o)
                0x00120f40                skip
 .text.safe_malloc
                0x00120fe0       0x7c /opt/devkitpro/portlibs/3ds/lib/libSDL_mixer.a(common.o)
                0x00120fe0                safe_malloc
 .text.add_to_pathlist
                0x0012105c       0x48 /opt/devkitpro/portlibs/3ds/lib/libSDL_mixer.a(common.o)
                0x0012105c                add_to_pathlist
 .text.open_file
                0x001210a4      0x2cc /opt/devkitpro/portlibs/3ds/lib/libSDL_mixer.a(common.o)
                0x001210a4                open_file
 .text.free_pathlist
                0x00121370       0x50 /opt/devkitpro/portlibs/3ds/lib/libSDL_mixer.a(common.o)
                0x00121370                free_pathlist
 .text.free_layer
                0x001213c0      0x100 /opt/devkitpro/portlibs/3ds/lib/libSDL_mixer.a(instrum.o)
 .text.free_old_bank
                0x001214c0       0xc8 /opt/devkitpro/portlibs/3ds/lib/libSDL_mixer.a(instrum.o)
 .text.free_bank
                0x00121588       0x68 /opt/devkitpro/portlibs/3ds/lib/libSDL_mixer.a(instrum.o)
 .text.load_instrument.constprop.0
                0x001215f0     0x1310 /opt/devkitpro/portlibs/3ds/lib/libSDL_mixer.a(instrum.o)
 .text.fill_bank
                0x00122900      0x4d8 /opt/devkitpro/portlibs/3ds/lib/libSDL_mixer.a(instrum.o)
 .text.load_missing_instruments
                0x00122dd8       0x80 /opt/devkitpro/portlibs/3ds/lib/libSDL_mixer.a(instrum.o)
                0x00122dd8                load_missing_instruments
 .text.free_instruments
                0x00122e58       0x5c /opt/devkitpro/portlibs/3ds/lib/libSDL_mixer.a(instrum.o)
                0x00122e58                free_instruments
 .text.set_default_instrument
                0x00122eb4       0x7c /opt/devkitpro/portlibs/3ds/lib/libSDL_mixer.a(instrum.o)
                0x00122eb4                set_default_instrument
 .text.recompute_envelope
                0x00122f30       0xf8 /opt/devkitpro/portlibs/3ds/lib/libSDL_mixer.a(mix.o)
                0x00122f30                recompute_envelope
 .text.apply_envelope_to_amp
                0x00123028      0x1f4 /opt/devkitpro/portlibs/3ds/lib/libSDL_mixer.a(mix.o)
                0x00123028                apply_envelope_to_amp
 *fill*         0x0012321c        0x4 
 .text.update_signal
                0x00123220      0x15c /opt/devkitpro/portlibs/3ds/lib/libSDL_mixer.a(mix.o)
 .text.mix_voice
                0x0012337c      0xe20 /opt/devkitpro/portlibs/3ds/lib/libSDL_mixer.a(mix.o)
                0x0012337c                mix_voice
 .text.s32tos8  0x0012419c       0x38 /opt/devkitpro/portlibs/3ds/lib/libSDL_mixer.a(output.o)
                0x0012419c                s32tos8
 .text.s32tou8  0x001241d4       0x40 /opt/devkitpro/portlibs/3ds/lib/libSDL_mixer.a(output.o)
                0x001241d4                s32tou8
 .text.s32tos16
                0x00124214       0x48 /opt/devkitpro/portlibs/3ds/lib/libSDL_mixer.a(output.o)
                0x00124214                s32tos16
 .text.s32tou16
                0x0012425c       0x4c /opt/devkitpro/portlibs/3ds/lib/libSDL_mixer.a(output.o)
                0x0012425c                s32tou16
 .text.s32tos16x
                0x001242a8       0x4c /opt/devkitpro/portlibs/3ds/lib/libSDL_mixer.a(output.o)
                0x001242a8                s32tos16x
 .text.s32tou16x
                0x001242f4       0x5c /opt/devkitpro/portlibs/3ds/lib/libSDL_mixer.a(output.o)
                0x001242f4                s32tou16x
 .text.update_vibrato
                0x00124350      0x1d4 /opt/devkitpro/portlibs/3ds/lib/libSDL_mixer.a(resample.o)
 .text.resample_voice
                0x00124524      0xa88 /opt/devkitpro/portlibs/3ds/lib/libSDL_mixer.a(resample.o)
                0x00124524                resample_voice
 *fill*         0x00124fac        0x4 
 .text.pre_resample
                0x00124fb0      0x2d4 /opt/devkitpro/portlibs/3ds/lib/libSDL_mixer.a(resample.o)
                0x00124fb0                pre_resample
 .text.ctl_open
                0x00125284       0x18 /opt/devkitpro/portlibs/3ds/lib/libSDL_mixer.a(sdl_c.o)
 .text.ctl_close
                0x0012529c       0x14 /opt/devkitpro/portlibs/3ds/lib/libSDL_mixer.a(sdl_c.o)
 .text.ctl_read
                0x001252b0        0x8 /opt/devkitpro/portlibs/3ds/lib/libSDL_mixer.a(sdl_c.o)
 .text.ctl_refresh
                0x001252b8        0x4 /opt/devkitpro/portlibs/3ds/lib/libSDL_mixer.a(sdl_c.o)
 .text.ctl_total_time
                0x001252bc        0x4 /opt/devkitpro/portlibs/3ds/lib/libSDL_mixer.a(sdl_c.o)
 .text.ctl_file_name
                0x001252c0        0x4 /opt/devkitpro/portlibs/3ds/lib/libSDL_mixer.a(sdl_c.o)
 .text.ctl_program
                0x001252c4        0x4 /opt/devkitpro/portlibs/3ds/lib/libSDL_mixer.a(sdl_c.o)
 .text.cmsg     0x001252c8       0x5c /opt/devkitpro/portlibs/3ds/lib/libSDL_mixer.a(sdl_c.o)
 .text.ctl_sustain
                0x00125324        0x4 /opt/devkitpro/portlibs/3ds/lib/libSDL_mixer.a(sdl_c.o)
 .text.ctl_note
                0x00125328        0x4 /opt/devkitpro/portlibs/3ds/lib/libSDL_mixer.a(sdl_c.o)
 .text.ctl_pitch_bend
                0x0012532c        0x4 /opt/devkitpro/portlibs/3ds/lib/libSDL_mixer.a(sdl_c.o)
 .text.ctl_volume
                0x00125330        0x4 /opt/devkitpro/portlibs/3ds/lib/libSDL_mixer.a(sdl_c.o)
 .text.ctl_expression
                0x00125334        0x4 /opt/devkitpro/portlibs/3ds/lib/libSDL_mixer.a(sdl_c.o)
 .text.ctl_panning
                0x00125338        0x4 /opt/devkitpro/portlibs/3ds/lib/libSDL_mixer.a(sdl_c.o)
 .text.ctl_master_volume
                0x0012533c        0x4 /opt/devkitpro/portlibs/3ds/lib/libSDL_mixer.a(sdl_c.o)
 .text.ctl_current_time
                0x00125340        0x4 /opt/devkitpro/portlibs/3ds/lib/libSDL_mixer.a(sdl_c.o)
 .text.ctl_reset
                0x00125344        0x4 /opt/devkitpro/portlibs/3ds/lib/libSDL_mixer.a(sdl_c.o)
 .text._Eff_PositionDeinit
                0x00125348       0x68 /opt/devkitpro/portlibs/3ds/lib/libSDL_mixer.a(effect_position.o)
                0x00125348                _Eff_PositionDeinit
 .text.antialiasing
                0x001253b0      0x568 /opt/devkitpro/portlibs/3ds/lib/libSDL_mixer.a(filter.o)
                0x001253b0                antialiasing
 .text.SDL_SetError
                0x00125918      0x1d0 /opt/devkitpro/portlibs/3ds/lib/libSDL.a(SDL_error.o)
                0x00125918                SDL_SetError
 .text.SDL_GetErrorMsg
                0x00125ae8      0x1f8 /opt/devkitpro/portlibs/3ds/lib/libSDL.a(SDL_error.o)
                0x00125ae8                SDL_GetErrorMsg
 .text.SDL_GetError
                0x00125ce0       0x10 /opt/devkitpro/portlibs/3ds/lib/libSDL.a(SDL_error.o)
                0x00125ce0                SDL_GetError
 .text.SDL_Error
                0x00125cf0       0x58 /opt/devkitpro/portlibs/3ds/lib/libSDL.a(SDL_error.o)
                0x00125cf0                SDL_Error
 .text.SDL_LockAudio_Default
                0x00125d48       0x30 /opt/devkitpro/portlibs/3ds/lib/libSDL.a(SDL_audio.o)
 .text.SDL_UnlockAudio_Default
                0x00125d78       0x30 /opt/devkitpro/portlibs/3ds/lib/libSDL.a(SDL_audio.o)
 .text.SDL_RunAudio
                0x00125da8      0x198 /opt/devkitpro/portlibs/3ds/lib/libSDL.a(SDL_audio.o)
                0x00125da8                SDL_RunAudio
 .text.SDL_OpenAudio
                0x00125f40      0x4b8 /opt/devkitpro/portlibs/3ds/lib/libSDL.a(SDL_audio.o)
                0x00125f40                SDL_OpenAudio
 .text.SDL_PauseAudio
                0x001263f8       0x18 /opt/devkitpro/portlibs/3ds/lib/libSDL.a(SDL_audio.o)
                0x001263f8                SDL_PauseAudio
 .text.SDL_LockAudio
                0x00126410       0x24 /opt/devkitpro/portlibs/3ds/lib/libSDL.a(SDL_audio.o)
                0x00126410                SDL_LockAudio
 .text.SDL_UnlockAudio
                0x00126434       0x24 /opt/devkitpro/portlibs/3ds/lib/libSDL.a(SDL_audio.o)
                0x00126434                SDL_UnlockAudio
 .text.SDL_CloseAudio
                0x00126458        0x8 /opt/devkitpro/portlibs/3ds/lib/libSDL.a(SDL_audio.o)
                0x00126458                SDL_CloseAudio
 .text.SDL_AudioQuit
                0x00126460       0xac /opt/devkitpro/portlibs/3ds/lib/libSDL.a(SDL_audio.o)
                0x00126460                SDL_AudioQuit
 .text.SDL_AudioInit
                0x0012650c       0xe8 /opt/devkitpro/portlibs/3ds/lib/libSDL.a(SDL_audio.o)
                0x0012650c                SDL_AudioInit
 .text.SDL_FirstAudioFormat
                0x001265f4       0xdc /opt/devkitpro/portlibs/3ds/lib/libSDL.a(SDL_audio.o)
                0x001265f4                SDL_FirstAudioFormat
 .text.SDL_NextAudioFormat
                0x001266d0       0x54 /opt/devkitpro/portlibs/3ds/lib/libSDL.a(SDL_audio.o)
                0x001266d0                SDL_NextAudioFormat
 .text.SDL_CalculateAudioSpec
                0x00126724       0x38 /opt/devkitpro/portlibs/3ds/lib/libSDL.a(SDL_audio.o)
                0x00126724                SDL_CalculateAudioSpec
 .text.SDL_ConvertMono
                0x0012675c      0x284 /opt/devkitpro/portlibs/3ds/lib/libSDL.a(SDL_audiocvt.o)
                0x0012675c                SDL_ConvertMono
 .text.SDL_ConvertStrip
                0x001269e0      0x1f0 /opt/devkitpro/portlibs/3ds/lib/libSDL.a(SDL_audiocvt.o)
                0x001269e0                SDL_ConvertStrip
 .text.SDL_ConvertStrip_2
                0x00126bd0      0x1f4 /opt/devkitpro/portlibs/3ds/lib/libSDL.a(SDL_audiocvt.o)
                0x00126bd0                SDL_ConvertStrip_2
 .text.SDL_ConvertStereo
                0x00126dc4       0x98 /opt/devkitpro/portlibs/3ds/lib/libSDL.a(SDL_audiocvt.o)
                0x00126dc4                SDL_ConvertStereo
 .text.SDL_ConvertSurround
                0x00126e5c      0x3c0 /opt/devkitpro/portlibs/3ds/lib/libSDL.a(SDL_audiocvt.o)
                0x00126e5c                SDL_ConvertSurround
 .text.SDL_ConvertSurround_4
                0x0012721c      0x34c /opt/devkitpro/portlibs/3ds/lib/libSDL.a(SDL_audiocvt.o)
                0x0012721c                SDL_ConvertSurround_4
 .text.SDL_Convert16LSB
                0x00127568       0x6c /opt/devkitpro/portlibs/3ds/lib/libSDL.a(SDL_audiocvt.o)
                0x00127568                SDL_Convert16LSB
 .text.SDL_Convert16MSB
                0x001275d4       0x7c /opt/devkitpro/portlibs/3ds/lib/libSDL.a(SDL_audiocvt.o)
                0x001275d4                SDL_Convert16MSB
 .text.SDL_Convert8
                0x00127650       0x8c /opt/devkitpro/portlibs/3ds/lib/libSDL.a(SDL_audiocvt.o)
                0x00127650                SDL_Convert8
 .text.SDL_ConvertSign
                0x001276dc       0xa4 /opt/devkitpro/portlibs/3ds/lib/libSDL.a(SDL_audiocvt.o)
                0x001276dc                SDL_ConvertSign
 .text.SDL_ConvertEndian
                0x00127780       0x64 /opt/devkitpro/portlibs/3ds/lib/libSDL.a(SDL_audiocvt.o)
                0x00127780                SDL_ConvertEndian
 .text.SDL_RateMUL2
                0x001277e4       0xcc /opt/devkitpro/portlibs/3ds/lib/libSDL.a(SDL_audiocvt.o)
                0x001277e4                SDL_RateMUL2
 .text.SDL_RateMUL2_c2
                0x001278b0      0x110 /opt/devkitpro/portlibs/3ds/lib/libSDL.a(SDL_audiocvt.o)
                0x001278b0                SDL_RateMUL2_c2
 .text.SDL_RateMUL2_c4
                0x001279c0      0x178 /opt/devkitpro/portlibs/3ds/lib/libSDL.a(SDL_audiocvt.o)
                0x001279c0                SDL_RateMUL2_c4
 .text.SDL_RateMUL2_c6
                0x00127b38      0x1e0 /opt/devkitpro/portlibs/3ds/lib/libSDL.a(SDL_audiocvt.o)
                0x00127b38                SDL_RateMUL2_c6
 .text.SDL_RateDIV2
                0x00127d18       0xe8 /opt/devkitpro/portlibs/3ds/lib/libSDL.a(SDL_audiocvt.o)
                0x00127d18                SDL_RateDIV2
 .text.SDL_RateDIV2_c2
                0x00127e00       0xf4 /opt/devkitpro/portlibs/3ds/lib/libSDL.a(SDL_audiocvt.o)
                0x00127e00                SDL_RateDIV2_c2
 .text.SDL_RateDIV2_c4
                0x00127ef4      0x11c /opt/devkitpro/portlibs/3ds/lib/libSDL.a(SDL_audiocvt.o)
                0x00127ef4                SDL_RateDIV2_c4
 .text.SDL_RateDIV2_c6
                0x00128010      0x158 /opt/devkitpro/portlibs/3ds/lib/libSDL.a(SDL_audiocvt.o)
                0x00128010                SDL_RateDIV2_c6
 .text.SDL_ConvertAudio
                0x00128168       0x50 /opt/devkitpro/portlibs/3ds/lib/libSDL.a(SDL_audiocvt.o)
                0x00128168                SDL_ConvertAudio
 .text.SDL_BuildAudioCVT
                0x001281b8      0x5bc /opt/devkitpro/portlibs/3ds/lib/libSDL.a(SDL_audiocvt.o)
                0x001281b8                SDL_BuildAudioCVT
 .text.SDL_MixAudio
                0x00128774      0x1fc /opt/devkitpro/portlibs/3ds/lib/libSDL.a(SDL_mixer.o)
                0x00128774                SDL_MixAudio
 .text.SDL_DelThread.part.0
                0x00128970       0xc0 /opt/devkitpro/portlibs/3ds/lib/libSDL.a(SDL_thread.o)
 .text.SDL_GetErrBuf
                0x00128a30       0x9c /opt/devkitpro/portlibs/3ds/lib/libSDL.a(SDL_thread.o)
                0x00128a30                SDL_GetErrBuf
 .text.SDL_RunThread
                0x00128acc       0x3c /opt/devkitpro/portlibs/3ds/lib/libSDL.a(SDL_thread.o)
                0x00128acc                SDL_RunThread
 .text.SDL_CreateThread
                0x00128b08      0x17c /opt/devkitpro/portlibs/3ds/lib/libSDL.a(SDL_thread.o)
                0x00128b08                SDL_CreateThread
 .text.SDL_WaitThread
                0x00128c84       0x4c /opt/devkitpro/portlibs/3ds/lib/libSDL.a(SDL_thread.o)
                0x00128c84                SDL_WaitThread
 .text.SDL_StartTicks
                0x00128cd0       0x18 /opt/devkitpro/portlibs/3ds/lib/libSDL.a(SDL_systimer.o)
                0x00128cd0                SDL_StartTicks
 .text.SDL_GetTicks
                0x00128ce8       0x68 /opt/devkitpro/portlibs/3ds/lib/libSDL.a(SDL_systimer.o)
                0x00128ce8                SDL_GetTicks
 .text.SDL_Delay
                0x00128d50       0x10 /opt/devkitpro/portlibs/3ds/lib/libSDL.a(SDL_systimer.o)
                0x00128d50                SDL_Delay
 .text.SDL_SYS_TimerInit
                0x00128d60        0x8 /opt/devkitpro/portlibs/3ds/lib/libSDL.a(SDL_systimer.o)
                0x00128d60                SDL_SYS_TimerInit
 .text.SDL_SYS_TimerQuit
                0x00128d68        0x4 /opt/devkitpro/portlibs/3ds/lib/libSDL.a(SDL_systimer.o)
                0x00128d68                SDL_SYS_TimerQuit
 .text.SDL_SYS_StartTimer
                0x00128d6c       0x18 /opt/devkitpro/portlibs/3ds/lib/libSDL.a(SDL_systimer.o)
                0x00128d6c                SDL_SYS_StartTimer
 .text.SDL_SYS_StopTimer
                0x00128d84        0x4 /opt/devkitpro/portlibs/3ds/lib/libSDL.a(SDL_systimer.o)
                0x00128d84                SDL_SYS_StopTimer
 .text.N3DSAUD_Available
                0x00128d88        0x8 /opt/devkitpro/portlibs/3ds/lib/libSDL.a(SDL_n3dsaudio.o)
 .text.N3DSAUD_GetAudioBuf
                0x00128d90        0xc /opt/devkitpro/portlibs/3ds/lib/libSDL.a(SDL_n3dsaudio.o)
 .text.N3DSAUD_CreateDevice
                0x00128d9c      0x128 /opt/devkitpro/portlibs/3ds/lib/libSDL.a(SDL_n3dsaudio.o)
 .text.N3DSAUD_DeleteDevice
                0x00128ec4       0x5c /opt/devkitpro/portlibs/3ds/lib/libSDL.a(SDL_n3dsaudio.o)
 .text.N3DSAUD_UnlockAudio
                0x00128f20        0x8 /opt/devkitpro/portlibs/3ds/lib/libSDL.a(SDL_n3dsaudio.o)
 .text.N3DSAUD_LockAudio
                0x00128f28        0x8 /opt/devkitpro/portlibs/3ds/lib/libSDL.a(SDL_n3dsaudio.o)
 .text.N3DSAUD_CloseAudio
                0x00128f30       0xc4 /opt/devkitpro/portlibs/3ds/lib/libSDL.a(SDL_n3dsaudio.o)
 .text.audioFrameFinished
                0x00128ff4       0x74 /opt/devkitpro/portlibs/3ds/lib/libSDL.a(SDL_n3dsaudio.o)
 .text.N3DSAUD_PlayAudio
                0x00129068       0xa8 /opt/devkitpro/portlibs/3ds/lib/libSDL.a(SDL_n3dsaudio.o)
 .text.N3DSAUD_WaitAudio
                0x00129110       0x68 /opt/devkitpro/portlibs/3ds/lib/libSDL.a(SDL_n3dsaudio.o)
 .text.N3DSAUD_OpenAudio
                0x00129178      0x260 /opt/devkitpro/portlibs/3ds/lib/libSDL.a(SDL_n3dsaudio.o)
 .text.N3DSAUD_DspHook
                0x001293d8       0x5c /opt/devkitpro/portlibs/3ds/lib/libSDL.a(SDL_n3dsaudio.o)
 .text.SDL_CreateMutex
                0x00129434       0x28 /opt/devkitpro/portlibs/3ds/lib/libSDL.a(SDL_sysmutex.o)
                0x00129434                SDL_CreateMutex
 .text.SDL_DestroyMutex
                0x0012945c        0xc /opt/devkitpro/portlibs/3ds/lib/libSDL.a(SDL_sysmutex.o)
                0x0012945c                SDL_DestroyMutex
 .text.SDL_mutexP
                0x00129468       0x2c /opt/devkitpro/portlibs/3ds/lib/libSDL.a(SDL_sysmutex.o)
                0x00129468                SDL_mutexP
 .text.SDL_mutexV
                0x00129494       0x2c /opt/devkitpro/portlibs/3ds/lib/libSDL.a(SDL_sysmutex.o)
                0x00129494                SDL_mutexV
 .text.SDL_CreateSemaphore
                0x001294c0       0x34 /opt/devkitpro/portlibs/3ds/lib/libSDL.a(SDL_syssem.o)
                0x001294c0                SDL_CreateSemaphore
 .text.SDL_DestroySemaphore
                0x001294f4        0xc /opt/devkitpro/portlibs/3ds/lib/libSDL.a(SDL_syssem.o)
                0x001294f4                SDL_DestroySemaphore
 .text.SDL_SemWait
                0x00129500       0x30 /opt/devkitpro/portlibs/3ds/lib/libSDL.a(SDL_syssem.o)
                0x00129500                SDL_SemWait
 .text.SDL_SemPost
                0x00129530       0x14 /opt/devkitpro/portlibs/3ds/lib/libSDL.a(SDL_syssem.o)
                0x00129530                SDL_SemPost
 .text.ThreadEntry
                0x00129544        0x4 /opt/devkitpro/portlibs/3ds/lib/libSDL.a(SDL_systhread.o)
                0x00129544                ThreadEntry
 .text.SDL_SYS_CreateThread
                0x00129548       0xa0 /opt/devkitpro/portlibs/3ds/lib/libSDL.a(SDL_systhread.o)
                0x00129548                SDL_SYS_CreateThread
 .text.SDL_SYS_SetupThread
                0x001295e8        0x4 /opt/devkitpro/portlibs/3ds/lib/libSDL.a(SDL_systhread.o)
                0x001295e8                SDL_SYS_SetupThread
 .text.SDL_ThreadID
                0x001295ec       0x38 /opt/devkitpro/portlibs/3ds/lib/libSDL.a(SDL_systhread.o)
                0x001295ec                SDL_ThreadID
 .text.SDL_SYS_WaitThread
                0x00129624       0x10 /opt/devkitpro/portlibs/3ds/lib/libSDL.a(SDL_systhread.o)
                0x00129624                SDL_SYS_WaitThread
 .text.SDL_InitSubSystem
                0x00129634      0x158 /opt/devkitpro/portlibs/3ds/lib/libSDL.a(SDL.o)
                0x00129634                SDL_InitSubSystem
 .text.SDL_QuitSubSystem
                0x0012978c       0x9c /opt/devkitpro/portlibs/3ds/lib/libSDL.a(SDL.o)
                0x0012978c                SDL_QuitSubSystem
 .text.callback_wrapper
                0x00129828        0x4 /opt/devkitpro/portlibs/3ds/lib/libSDL.a(SDL_timer.o)
 .text.SDL_AddTimerInternal
                0x0012982c       0x8c /opt/devkitpro/portlibs/3ds/lib/libSDL.a(SDL_timer.o)
 .text.SDL_SetTimerThreaded
                0x001298b8       0x44 /opt/devkitpro/portlibs/3ds/lib/libSDL.a(SDL_timer.o)
                0x001298b8                SDL_SetTimerThreaded
 .text.SDL_ThreadedTimerCheck
                0x001298fc      0x13c /opt/devkitpro/portlibs/3ds/lib/libSDL.a(SDL_timer.o)
                0x001298fc                SDL_ThreadedTimerCheck
 .text.SDL_SetTimer
                0x00129a38      0x150 /opt/devkitpro/portlibs/3ds/lib/libSDL.a(SDL_timer.o)
                0x00129a38                SDL_SetTimer
 .text.SDL_TimerQuit
                0x00129b88       0x68 /opt/devkitpro/portlibs/3ds/lib/libSDL.a(SDL_timer.o)
                0x00129b88                SDL_TimerQuit
 .text.SDL_TimerInit
                0x00129bf0       0x98 /opt/devkitpro/portlibs/3ds/lib/libSDL.a(SDL_timer.o)
                0x00129bf0                SDL_TimerInit
 .text.SDL_WM_GrabInputRaw
                0x00129c88       0x88 /opt/devkitpro/portlibs/3ds/lib/libSDL.a(SDL_video.o)
 .text.SDL_VideoQuit
                0x00129d10      0x118 /opt/devkitpro/portlibs/3ds/lib/libSDL.a(SDL_video.o)
                0x00129d10                SDL_VideoQuit
 .text.SDL_VideoInit
                0x00129e28      0x208 /opt/devkitpro/portlibs/3ds/lib/libSDL.a(SDL_video.o)
                0x00129e28                SDL_VideoInit
 .text.SDL_JoystickClose.part.0
                0x0012a030       0xc0 /opt/devkitpro/portlibs/3ds/lib/libSDL.a(SDL_joystick.o)
 .text.SDL_JoystickInit
                0x0012a0f0       0x64 /opt/devkitpro/portlibs/3ds/lib/libSDL.a(SDL_joystick.o)
                0x0012a0f0                SDL_JoystickInit
 .text.SDL_JoystickQuit
                0x0012a154       0xa0 /opt/devkitpro/portlibs/3ds/lib/libSDL.a(SDL_joystick.o)
                0x0012a154                SDL_JoystickQuit
 .text.SDL_PrivateJoystickAxis
                0x0012a1f4       0x9c /opt/devkitpro/portlibs/3ds/lib/libSDL.a(SDL_joystick.o)
                0x0012a1f4                SDL_PrivateJoystickAxis
 .text.SDL_PrivateJoystickHat
                0x0012a290       0x8c /opt/devkitpro/portlibs/3ds/lib/libSDL.a(SDL_joystick.o)
                0x0012a290                SDL_PrivateJoystickHat
 .text.SDL_PrivateJoystickButton
                0x0012a31c       0xb0 /opt/devkitpro/portlibs/3ds/lib/libSDL.a(SDL_joystick.o)
                0x0012a31c                SDL_PrivateJoystickButton
 .text.SDL_JoystickUpdate
                0x0012a3cc       0x3c /opt/devkitpro/portlibs/3ds/lib/libSDL.a(SDL_joystick.o)
                0x0012a3cc                SDL_JoystickUpdate
 .text.SDL_SYS_JoystickInit
                0x0012a408       0x14 /opt/devkitpro/portlibs/3ds/lib/libSDL.a(SDL_sysjoystick.o)
                0x0012a408                SDL_SYS_JoystickInit
 .text.SDL_SYS_JoystickUpdate
                0x0012a41c      0x498 /opt/devkitpro/portlibs/3ds/lib/libSDL.a(SDL_sysjoystick.o)
                0x0012a41c                SDL_SYS_JoystickUpdate
 .text.SDL_SYS_JoystickClose
                0x0012a8b4        0x4 /opt/devkitpro/portlibs/3ds/lib/libSDL.a(SDL_sysjoystick.o)
                0x0012a8b4                SDL_SYS_JoystickClose
 .text.SDL_SYS_JoystickQuit
                0x0012a8b8        0x4 /opt/devkitpro/portlibs/3ds/lib/libSDL.a(SDL_sysjoystick.o)
                0x0012a8b8                SDL_SYS_JoystickQuit
 .text.N3DS_Available
                0x0012a8bc        0x8 /opt/devkitpro/portlibs/3ds/lib/libSDL.a(SDL_n3dsvideo.o)
 .text.N3DS_ListModes
                0x0012a8c4        0x8 /opt/devkitpro/portlibs/3ds/lib/libSDL.a(SDL_n3dsvideo.o)
 .text.N3DS_AllocHWSurface
                0x0012a8cc        0x8 /opt/devkitpro/portlibs/3ds/lib/libSDL.a(SDL_n3dsvideo.o)
 .text.N3DS_LockHWSurface
                0x0012a8d4        0x8 /opt/devkitpro/portlibs/3ds/lib/libSDL.a(SDL_n3dsvideo.o)
 .text.N3DS_UnlockHWSurface
                0x0012a8dc        0x4 /opt/devkitpro/portlibs/3ds/lib/libSDL.a(SDL_n3dsvideo.o)
 .text.N3DS_SetColors
                0x0012a8e0       0x60 /opt/devkitpro/portlibs/3ds/lib/libSDL.a(SDL_n3dsvideo.o)
 .text.N3DS_CreateDevice
                0x0012a940      0x108 /opt/devkitpro/portlibs/3ds/lib/libSDL.a(SDL_n3dsvideo.o)
 .text.N3DS_DeleteDevice
                0x0012aa48       0x24 /opt/devkitpro/portlibs/3ds/lib/libSDL.a(SDL_n3dsvideo.o)
 .text.N3DS_VideoInit
                0x0012aa6c       0x48 /opt/devkitpro/portlibs/3ds/lib/libSDL.a(SDL_n3dsvideo.o)
 .text.N3DS_FlipHWSurface.part.0
                0x0012aab4      0x168 /opt/devkitpro/portlibs/3ds/lib/libSDL.a(SDL_n3dsvideo.o)
 .text.N3DS_FlipHWSurface
                0x0012ac1c       0x24 /opt/devkitpro/portlibs/3ds/lib/libSDL.a(SDL_n3dsvideo.o)
 .text.N3DS_UpdateRects
                0x0012ac40       0x20 /opt/devkitpro/portlibs/3ds/lib/libSDL.a(SDL_n3dsvideo.o)
 .text.N3DS_FreeHWSurface
                0x0012ac60        0x4 /opt/devkitpro/portlibs/3ds/lib/libSDL.a(SDL_n3dsvideo.o)
 .text.N3DS_VideoQuit
                0x0012ac64       0xec /opt/devkitpro/portlibs/3ds/lib/libSDL.a(SDL_n3dsvideo.o)
 .text.N3DS_SetScaling
                0x0012ad50       0xac /opt/devkitpro/portlibs/3ds/lib/libSDL.a(SDL_n3dsvideo.o)
                0x0012ad50                N3DS_SetScaling
 .text.N3DS_SetVideoMode
                0x0012adfc      0x848 /opt/devkitpro/portlibs/3ds/lib/libSDL.a(SDL_n3dsvideo.o)
 .text.N3DS_ToggleFullScreen
                0x0012b644       0x3c /opt/devkitpro/portlibs/3ds/lib/libSDL.a(SDL_n3dsvideo.o)
                0x0012b644                N3DS_ToggleFullScreen
 .text.drawTexture
                0x0012b680      0x114 /opt/devkitpro/portlibs/3ds/lib/libSDL.a(SDL_n3dsvideo.o)
                0x0012b680                drawTexture
 *fill*         0x0012b794        0x4 
 .text.videoThread
                0x0012b798      0x2b8 /opt/devkitpro/portlibs/3ds/lib/libSDL.a(SDL_n3dsvideo.o)
 .text.SDL_GobbleEvents
                0x0012ba50       0xec /opt/devkitpro/portlibs/3ds/lib/libSDL.a(SDL_events.o)
 .text.SDL_Lock_EventThread
                0x0012bb3c       0x64 /opt/devkitpro/portlibs/3ds/lib/libSDL.a(SDL_events.o)
                0x0012bb3c                SDL_Lock_EventThread
 .text.SDL_Unlock_EventThread
                0x0012bba0       0x44 /opt/devkitpro/portlibs/3ds/lib/libSDL.a(SDL_events.o)
                0x0012bba0                SDL_Unlock_EventThread
 .text.SDL_StopEventLoop
                0x0012bbe4       0x7c /opt/devkitpro/portlibs/3ds/lib/libSDL.a(SDL_events.o)
                0x0012bbe4                SDL_StopEventLoop
 .text.SDL_StartEventLoop
                0x0012bc60      0x110 /opt/devkitpro/portlibs/3ds/lib/libSDL.a(SDL_events.o)
                0x0012bc60                SDL_StartEventLoop
 .text.SDL_PeepEvents
                0x0012bd70      0x21c /opt/devkitpro/portlibs/3ds/lib/libSDL.a(SDL_events.o)
                0x0012bd70                SDL_PeepEvents
 .text.SDL_PushEvent
                0x0012bf8c       0x28 /opt/devkitpro/portlibs/3ds/lib/libSDL.a(SDL_events.o)
                0x0012bf8c                SDL_PushEvent
 *fill*         0x0012bfb4        0x4 
 .text.SDL_KeyboardInit
                0x0012bfb8      0xba4 /opt/devkitpro/portlibs/3ds/lib/libSDL.a(SDL_keyboard.o)
                0x0012bfb8                SDL_KeyboardInit
 .text.SDL_KeyboardQuit
                0x0012cb5c        0x4 /opt/devkitpro/portlibs/3ds/lib/libSDL.a(SDL_keyboard.o)
                0x0012cb5c                SDL_KeyboardQuit
 .text.SDL_CheckKeyRepeat
                0x0012cb60       0x8c /opt/devkitpro/portlibs/3ds/lib/libSDL.a(SDL_keyboard.o)
                0x0012cb60                SDL_CheckKeyRepeat
 .text.ClipOffset
                0x0012cbec       0x78 /opt/devkitpro/portlibs/3ds/lib/libSDL.a(SDL_mouse.o)
 .text.SDL_MouseInit
                0x0012cc64       0x60 /opt/devkitpro/portlibs/3ds/lib/libSDL.a(SDL_mouse.o)
                0x0012cc64                SDL_MouseInit
 .text.SDL_MouseQuit
                0x0012ccc4        0x4 /opt/devkitpro/portlibs/3ds/lib/libSDL.a(SDL_mouse.o)
                0x0012ccc4                SDL_MouseQuit
 .text.SDL_GetMouseState
                0x0012ccc8       0x38 /opt/devkitpro/portlibs/3ds/lib/libSDL.a(SDL_mouse.o)
                0x0012ccc8                SDL_GetMouseState
 .text.SDL_PrivateMouseMotion
                0x0012cd00      0x1c4 /opt/devkitpro/portlibs/3ds/lib/libSDL.a(SDL_mouse.o)
                0x0012cd00                SDL_PrivateMouseMotion
 .text.SDL_PrivateMouseButton
                0x0012cec4      0x208 /opt/devkitpro/portlibs/3ds/lib/libSDL.a(SDL_mouse.o)
                0x0012cec4                SDL_PrivateMouseButton
 .text.SDL_HandleSIG
                0x0012d0cc       0x70 /opt/devkitpro/portlibs/3ds/lib/libSDL.a(SDL_quit.o)
 .text.SDL_QuitInit
                0x0012d13c       0x48 /opt/devkitpro/portlibs/3ds/lib/libSDL.a(SDL_quit.o)
                0x0012d13c                SDL_QuitInit
 .text.SDL_QuitQuit
                0x0012d184       0x50 /opt/devkitpro/portlibs/3ds/lib/libSDL.a(SDL_quit.o)
                0x0012d184                SDL_QuitQuit
 .text.SDL_MouseRect
                0x0012d1d4       0xd0 /opt/devkitpro/portlibs/3ds/lib/libSDL.a(SDL_cursor.o)
                0x0012d1d4                SDL_MouseRect
 *fill*         0x0012d2a4        0x4 
 .text.SDL_DrawCursorNoLock
                0x0012d2a8      0x704 /opt/devkitpro/portlibs/3ds/lib/libSDL.a(SDL_cursor.o)
                0x0012d2a8                SDL_DrawCursorNoLock
 .text.SDL_DrawCursor
                0x0012d9ac       0xc0 /opt/devkitpro/portlibs/3ds/lib/libSDL.a(SDL_cursor.o)
                0x0012d9ac                SDL_DrawCursor
 .text.SDL_EraseCursorNoLock
                0x0012da6c      0x188 /opt/devkitpro/portlibs/3ds/lib/libSDL.a(SDL_cursor.o)
                0x0012da6c                SDL_EraseCursorNoLock
 .text.SDL_EraseCursor
                0x0012dbf4       0xc0 /opt/devkitpro/portlibs/3ds/lib/libSDL.a(SDL_cursor.o)
                0x0012dbf4                SDL_EraseCursor
 .text.SDL_SetCursor
                0x0012dcb4      0x1d0 /opt/devkitpro/portlibs/3ds/lib/libSDL.a(SDL_cursor.o)
                0x0012dcb4                SDL_SetCursor
 .text.SDL_FreeCursor
                0x0012de84       0xa0 /opt/devkitpro/portlibs/3ds/lib/libSDL.a(SDL_cursor.o)
                0x0012de84                SDL_FreeCursor
 .text.SDL_CursorQuit
                0x0012df24       0x98 /opt/devkitpro/portlibs/3ds/lib/libSDL.a(SDL_cursor.o)
                0x0012df24                SDL_CursorQuit
 .text.SDL_CreateCursor
                0x0012dfbc      0x1d0 /opt/devkitpro/portlibs/3ds/lib/libSDL.a(SDL_cursor.o)
                0x0012dfbc                SDL_CreateCursor
 .text.SDL_CursorInit
                0x0012e18c       0x90 /opt/devkitpro/portlibs/3ds/lib/libSDL.a(SDL_cursor.o)
                0x0012e18c                SDL_CursorInit
 .text.SDL_MoveCursor
                0x0012e21c       0xb8 /opt/devkitpro/portlibs/3ds/lib/libSDL.a(SDL_cursor.o)
                0x0012e21c                SDL_MoveCursor
 .text.SDL_FormatChanged
                0x0012e2d4       0x54 /opt/devkitpro/portlibs/3ds/lib/libSDL.a(SDL_pixels.o)
                0x0012e2d4                SDL_FormatChanged
 .text.SDL_FreeFormat
                0x0012e328       0x40 /opt/devkitpro/portlibs/3ds/lib/libSDL.a(SDL_pixels.o)
                0x0012e328                SDL_FreeFormat
 .text.SDL_AllocFormat
                0x0012e368      0x4d8 /opt/devkitpro/portlibs/3ds/lib/libSDL.a(SDL_pixels.o)
                0x0012e368                SDL_AllocFormat
 .text.SDL_ReallocFormat
                0x0012e840       0xc8 /opt/devkitpro/portlibs/3ds/lib/libSDL.a(SDL_pixels.o)
                0x0012e840                SDL_ReallocFormat
 .text.SDL_CalculatePitch
                0x0012e908       0x5c /opt/devkitpro/portlibs/3ds/lib/libSDL.a(SDL_pixels.o)
                0x0012e908                SDL_CalculatePitch
 .text.SDL_FindColor
                0x0012e964       0x7c /opt/devkitpro/portlibs/3ds/lib/libSDL.a(SDL_pixels.o)
                0x0012e964                SDL_FindColor
 .text.SDL_MapRGB
                0x0012e9e0       0x64 /opt/devkitpro/portlibs/3ds/lib/libSDL.a(SDL_pixels.o)
                0x0012e9e0                SDL_MapRGB
 .text.SDL_AllocBlitMap
                0x0012ea44       0x5c /opt/devkitpro/portlibs/3ds/lib/libSDL.a(SDL_pixels.o)
                0x0012ea44                SDL_AllocBlitMap
 .text.SDL_FreeBlitMap
                0x0012eaa0       0x38 /opt/devkitpro/portlibs/3ds/lib/libSDL.a(SDL_pixels.o)
                0x0012eaa0                SDL_FreeBlitMap
 .text.SDL_LockSurface
                0x0012ead8       0x94 /opt/devkitpro/portlibs/3ds/lib/libSDL.a(SDL_surface.o)
                0x0012ead8                SDL_LockSurface
 .text.SDL_UnlockSurface
                0x0012eb6c       0x64 /opt/devkitpro/portlibs/3ds/lib/libSDL.a(SDL_surface.o)
                0x0012eb6c                SDL_UnlockSurface
 .text.SDL_FillRect
                0x0012ebd0      0x454 /opt/devkitpro/portlibs/3ds/lib/libSDL.a(SDL_surface.o)
                0x0012ebd0                SDL_FillRect
 .text.SDL_FreeSurface
                0x0012f024      0x148 /opt/devkitpro/portlibs/3ds/lib/libSDL.a(SDL_surface.o)
                0x0012f024                SDL_FreeSurface
 .text.SDL_CreateRGBSurface
                0x0012f16c      0x27c /opt/devkitpro/portlibs/3ds/lib/libSDL.a(SDL_surface.o)
                0x0012f16c                SDL_CreateRGBSurface
 .text.N3DS_PumpEvents
                0x0012f3e8      0x18c /opt/devkitpro/portlibs/3ds/lib/libSDL.a(SDL_n3dsevents.o)
                0x0012f3e8                N3DS_PumpEvents
 .text.N3DS_InitOSKeymap
                0x0012f574        0x4 /opt/devkitpro/portlibs/3ds/lib/libSDL.a(SDL_n3dsevents.o)
                0x0012f574                N3DS_InitOSKeymap
 .text.SDL_AppActiveInit
                0x0012f578       0x18 /opt/devkitpro/portlibs/3ds/lib/libSDL.a(SDL_active.o)
                0x0012f578                SDL_AppActiveInit
 .text.SDL_AppActiveQuit
                0x0012f590        0x4 /opt/devkitpro/portlibs/3ds/lib/libSDL.a(SDL_active.o)
                0x0012f590                SDL_AppActiveQuit
 .text.copy_opaque_16
                0x0012f594      0x100 /opt/devkitpro/portlibs/3ds/lib/libSDL.a(SDL_RLEaccel.o)
 .text.uncopy_opaque_16
                0x0012f694      0x11c /opt/devkitpro/portlibs/3ds/lib/libSDL.a(SDL_RLEaccel.o)
 .text.copy_transl_565
                0x0012f7b0       0xfc /opt/devkitpro/portlibs/3ds/lib/libSDL.a(SDL_RLEaccel.o)
 .text.copy_transl_555
                0x0012f8ac       0xfc /opt/devkitpro/portlibs/3ds/lib/libSDL.a(SDL_RLEaccel.o)
 .text.uncopy_transl_16
                0x0012f9a8      0x124 /opt/devkitpro/portlibs/3ds/lib/libSDL.a(SDL_RLEaccel.o)
 .text.copy_32  0x0012facc       0xdc /opt/devkitpro/portlibs/3ds/lib/libSDL.a(SDL_RLEaccel.o)
 .text.uncopy_32
                0x0012fba8      0x110 /opt/devkitpro/portlibs/3ds/lib/libSDL.a(SDL_RLEaccel.o)
 .text.getpix_8
                0x0012fcb8        0x8 /opt/devkitpro/portlibs/3ds/lib/libSDL.a(SDL_RLEaccel.o)
 .text.getpix_16
                0x0012fcc0        0x8 /opt/devkitpro/portlibs/3ds/lib/libSDL.a(SDL_RLEaccel.o)
 .text.getpix_24
                0x0012fcc8       0x10 /opt/devkitpro/portlibs/3ds/lib/libSDL.a(SDL_RLEaccel.o)
 .text.getpix_32
                0x0012fcd8        0x8 /opt/devkitpro/portlibs/3ds/lib/libSDL.a(SDL_RLEaccel.o)
 .text.SDL_RLEBlit
                0x0012fce0     0x2438 /opt/devkitpro/portlibs/3ds/lib/libSDL.a(SDL_RLEaccel.o)
                0x0012fce0                SDL_RLEBlit
 .text.SDL_UnRLESurface
                0x00132118      0x250 /opt/devkitpro/portlibs/3ds/lib/libSDL.a(SDL_RLEaccel.o)
                0x00132118                SDL_UnRLESurface
 .text.SDL_RLESurface
                0x00132368      0xc80 /opt/devkitpro/portlibs/3ds/lib/libSDL.a(SDL_RLEaccel.o)
                0x00132368                SDL_RLESurface
 .text.NS_IsThere
                0x00132fe8        0x8 /opt/devkitpro/portlibs/3ds/lib/libmikmod.a(drv_nos.o)
 .text.NS_Update
                0x00132ff0       0x1c /opt/devkitpro/portlibs/3ds/lib/libmikmod.a(drv_nos.o)
 .text.NS_Exit  0x0013300c       0x24 /opt/devkitpro/portlibs/3ds/lib/libmikmod.a(drv_nos.o)
 .text.NS_Init  0x00133030       0x20 /opt/devkitpro/portlibs/3ds/lib/libmikmod.a(drv_nos.o)
 .text.MikMod_realloc
                0x00133050       0x14 /opt/devkitpro/portlibs/3ds/lib/libmikmod.a(mmalloc.o)
                0x00133050                MikMod_realloc
 .text.MikMod_malloc
                0x00133064       0x58 /opt/devkitpro/portlibs/3ds/lib/libmikmod.a(mmalloc.o)
                0x00133064                MikMod_malloc
 .text.MikMod_calloc
                0x001330bc       0x50 /opt/devkitpro/portlibs/3ds/lib/libmikmod.a(mmalloc.o)
                0x001330bc                MikMod_calloc
 .text.MikMod_free
                0x0013310c        0xc /opt/devkitpro/portlibs/3ds/lib/libmikmod.a(mmalloc.o)
                0x0013310c                MikMod_free
 .text.MikMod_strdup
                0x00133118       0x88 /opt/devkitpro/portlibs/3ds/lib/libmikmod.a(mmalloc.o)
                0x00133118                MikMod_strdup
 .text.MikMod_strerror
                0x001331a0       0x1c /opt/devkitpro/portlibs/3ds/lib/libmikmod.a(mmerror.o)
                0x001331a0                MikMod_strerror
 .text.Voice_SetPanning_internal.part.0
                0x001331bc       0x74 /opt/devkitpro/portlibs/3ds/lib/libmikmod.a(mdriver.o)
 .text.Voice_Play_internal.part.0
                0x00133230       0x64 /opt/devkitpro/portlibs/3ds/lib/libmikmod.a(mdriver.o)
 .text.MD_SampleSpace
                0x00133294       0x54 /opt/devkitpro/portlibs/3ds/lib/libmikmod.a(mdriver.o)
                0x00133294                MD_SampleSpace
 .text.MD_SampleLength
                0x001332e8       0x54 /opt/devkitpro/portlibs/3ds/lib/libmikmod.a(mdriver.o)
                0x001332e8                MD_SampleLength
 .text.MikMod_InfoDriver
                0x0013333c       0xe0 /opt/devkitpro/portlibs/3ds/lib/libmikmod.a(mdriver.o)
                0x0013333c                MikMod_InfoDriver
 .text._mm_registerdriver
                0x0013341c       0x4c /opt/devkitpro/portlibs/3ds/lib/libmikmod.a(mdriver.o)
                0x0013341c                _mm_registerdriver
 .text.MikMod_RegisterDriver
                0x00133468       0x24 /opt/devkitpro/portlibs/3ds/lib/libmikmod.a(mdriver.o)
                0x00133468                MikMod_RegisterDriver
 .text.MD_SampleLoad
                0x0013348c       0x74 /opt/devkitpro/portlibs/3ds/lib/libmikmod.a(mdriver.o)
                0x0013348c                MD_SampleLoad
 .text.MD_SampleUnload
                0x00133500       0x14 /opt/devkitpro/portlibs/3ds/lib/libmikmod.a(mdriver.o)
                0x00133500                MD_SampleUnload
 .text.Voice_SetVolume_internal
                0x00133514       0xb0 /opt/devkitpro/portlibs/3ds/lib/libmikmod.a(mdriver.o)
                0x00133514                Voice_SetVolume_internal
 .text.Voice_SetFrequency_internal
                0x001335c4       0x70 /opt/devkitpro/portlibs/3ds/lib/libmikmod.a(mdriver.o)
                0x001335c4                Voice_SetFrequency_internal
 .text.Voice_SetPanning_internal
                0x00133634       0x20 /opt/devkitpro/portlibs/3ds/lib/libmikmod.a(mdriver.o)
                0x00133634                Voice_SetPanning_internal
 .text.Voice_Play_internal
                0x00133654       0x20 /opt/devkitpro/portlibs/3ds/lib/libmikmod.a(mdriver.o)
                0x00133654                Voice_Play_internal
 .text.Voice_Stop_internal
                0x00133674       0x5c /opt/devkitpro/portlibs/3ds/lib/libmikmod.a(mdriver.o)
                0x00133674                Voice_Stop_internal
 .text.Voice_Stopped_internal
                0x001336d0       0x3c /opt/devkitpro/portlibs/3ds/lib/libmikmod.a(mdriver.o)
                0x001336d0                Voice_Stopped_internal
 .text.MikMod_Exit_internal
                0x0013370c       0xb4 /opt/devkitpro/portlibs/3ds/lib/libmikmod.a(mdriver.o)
                0x0013370c                MikMod_Exit_internal
 .text._mm_init
                0x001337c0      0x1a4 /opt/devkitpro/portlibs/3ds/lib/libmikmod.a(mdriver.o)
 .text.MikMod_Init
                0x00133964        0x4 /opt/devkitpro/portlibs/3ds/lib/libmikmod.a(mdriver.o)
                0x00133964                MikMod_Init
 .text.MikMod_SetNumVoices_internal.part.0
                0x00133968      0x53c /opt/devkitpro/portlibs/3ds/lib/libmikmod.a(mdriver.o)
 .text.MikMod_Exit
                0x00133ea4        0x4 /opt/devkitpro/portlibs/3ds/lib/libmikmod.a(mdriver.o)
                0x00133ea4                MikMod_Exit
 .text.MikMod_SetNumVoices_internal
                0x00133ea8       0x14 /opt/devkitpro/portlibs/3ds/lib/libmikmod.a(mdriver.o)
                0x00133ea8                MikMod_SetNumVoices_internal
 .text.MikMod_EnableOutput
                0x00133ebc       0x60 /opt/devkitpro/portlibs/3ds/lib/libmikmod.a(mdriver.o)
                0x00133ebc                MikMod_EnableOutput
 .text.MikMod_DisableOutput_internal
                0x00133f1c       0x38 /opt/devkitpro/portlibs/3ds/lib/libmikmod.a(mdriver.o)
                0x00133f1c                MikMod_DisableOutput_internal
 .text.MikMod_Active
                0x00133f54       0x10 /opt/devkitpro/portlibs/3ds/lib/libmikmod.a(mdriver.o)
                0x00133f54                MikMod_Active
 .text.ML_TryUnpack
                0x00133f64       0x70 /opt/devkitpro/portlibs/3ds/lib/libmikmod.a(mloader.o)
 .text.ML_FreeEx
                0x00133fd4      0x170 /opt/devkitpro/portlibs/3ds/lib/libmikmod.a(mloader.o)
 .text.Player_LoadGeneric_internal
                0x00134144      0x40c /opt/devkitpro/portlibs/3ds/lib/libmikmod.a(mloader.o)
 .text.MikMod_InfoLoader
                0x00134550       0xc4 /opt/devkitpro/portlibs/3ds/lib/libmikmod.a(mloader.o)
                0x00134550                MikMod_InfoLoader
 .text._mm_registerloader
                0x00134614       0x2c /opt/devkitpro/portlibs/3ds/lib/libmikmod.a(mloader.o)
                0x00134614                _mm_registerloader
 .text.ReadComment
                0x00134640       0xb0 /opt/devkitpro/portlibs/3ds/lib/libmikmod.a(mloader.o)
                0x00134640                ReadComment
 .text.ReadLinedComment
                0x001346f0      0x160 /opt/devkitpro/portlibs/3ds/lib/libmikmod.a(mloader.o)
                0x001346f0                ReadLinedComment
 .text.AllocPositions
                0x00134850       0x48 /opt/devkitpro/portlibs/3ds/lib/libmikmod.a(mloader.o)
                0x00134850                AllocPositions
 .text.AllocPatterns
                0x00134898       0xdc /opt/devkitpro/portlibs/3ds/lib/libmikmod.a(mloader.o)
                0x00134898                AllocPatterns
 .text.AllocTracks
                0x00134974       0x4c /opt/devkitpro/portlibs/3ds/lib/libmikmod.a(mloader.o)
                0x00134974                AllocTracks
 .text.AllocInstruments
                0x001349c0       0x98 /opt/devkitpro/portlibs/3ds/lib/libmikmod.a(mloader.o)
                0x001349c0                AllocInstruments
 .text.AllocSamples
                0x00134a58       0x84 /opt/devkitpro/portlibs/3ds/lib/libmikmod.a(mloader.o)
                0x00134a58                AllocSamples
 .text.DupStr   0x00134adc      0x104 /opt/devkitpro/portlibs/3ds/lib/libmikmod.a(mloader.o)
                0x00134adc                DupStr
 .text.Player_Free
                0x00134be0       0x1c /opt/devkitpro/portlibs/3ds/lib/libmikmod.a(mloader.o)
                0x00134be0                Player_Free
 .text.Player_LoadGeneric
                0x00134bfc        0x4 /opt/devkitpro/portlibs/3ds/lib/libmikmod.a(mloader.o)
                0x00134bfc                Player_LoadGeneric
 .text.MikMod_RegisterAllLoaders
                0x00134c00       0xf8 /opt/devkitpro/portlibs/3ds/lib/libmikmod.a(mlreg.o)
                0x00134c00                MikMod_RegisterAllLoaders
 .text.StartEnvelope
                0x00134cf8       0xc0 /opt/devkitpro/portlibs/3ds/lib/libmikmod.a(mplayer.o)
 .text.DoToneSlide
                0x00134db8       0xc0 /opt/devkitpro/portlibs/3ds/lib/libmikmod.a(mplayer.o)
 .text.DoS3MVolSlide
                0x00134e78       0xb4 /opt/devkitpro/portlibs/3ds/lib/libmikmod.a(mplayer.o)
 .text.DoS3MSlideDn
                0x00134f2c       0x60 /opt/devkitpro/portlibs/3ds/lib/libmikmod.a(mplayer.o)
 .text.DoS3MSlideUp
                0x00134f8c       0x60 /opt/devkitpro/portlibs/3ds/lib/libmikmod.a(mplayer.o)
 .text.DoKeyOff
                0x00134fec       0x28 /opt/devkitpro/portlibs/3ds/lib/libmikmod.a(mplayer.o)
 .text.DoITToneSlide
                0x00135014       0xf8 /opt/devkitpro/portlibs/3ds/lib/libmikmod.a(mplayer.o)
 .text.DoNNAEffects
                0x0013510c      0x214 /opt/devkitpro/portlibs/3ds/lib/libmikmod.a(mplayer.o)
 .text.Player_Init_internal
                0x00135320       0xcc /opt/devkitpro/portlibs/3ds/lib/libmikmod.a(mplayer.o)
 .text.DoITEffectW
                0x001353ec       0xac /opt/devkitpro/portlibs/3ds/lib/libmikmod.a(mplayer.o)
 .text.DoITEffectT
                0x00135498       0x4c /opt/devkitpro/portlibs/3ds/lib/libmikmod.a(mplayer.o)
 .text.DoITEffectP
                0x001354e4       0xa0 /opt/devkitpro/portlibs/3ds/lib/libmikmod.a(mplayer.o)
 .text.DoITEffectN
                0x00135584       0x98 /opt/devkitpro/portlibs/3ds/lib/libmikmod.a(mplayer.o)
 .text.DoITEffectM
                0x0013561c       0x38 /opt/devkitpro/portlibs/3ds/lib/libmikmod.a(mplayer.o)
 .text.DoITEffectI
                0x00135654       0x68 /opt/devkitpro/portlibs/3ds/lib/libmikmod.a(mplayer.o)
 .text.DoITEffectG
                0x001356bc       0x30 /opt/devkitpro/portlibs/3ds/lib/libmikmod.a(mplayer.o)
 .text.DoXMEffectX2
                0x001356ec       0x68 /opt/devkitpro/portlibs/3ds/lib/libmikmod.a(mplayer.o)
 .text.DoXMEffectX1
                0x00135754       0x68 /opt/devkitpro/portlibs/3ds/lib/libmikmod.a(mplayer.o)
 .text.DoXMEffectP
                0x001357bc       0x6c /opt/devkitpro/portlibs/3ds/lib/libmikmod.a(mplayer.o)
 .text.DoXMEffectL
                0x00135828       0xa0 /opt/devkitpro/portlibs/3ds/lib/libmikmod.a(mplayer.o)
 .text.DoXMEffectH
                0x001358c8       0x6c /opt/devkitpro/portlibs/3ds/lib/libmikmod.a(mplayer.o)
 .text.DoXMEffectG
                0x00135934       0x28 /opt/devkitpro/portlibs/3ds/lib/libmikmod.a(mplayer.o)
 .text.DoXMEffectEB
                0x0013595c       0x54 /opt/devkitpro/portlibs/3ds/lib/libmikmod.a(mplayer.o)
 .text.DoXMEffectEA
                0x001359b0       0x54 /opt/devkitpro/portlibs/3ds/lib/libmikmod.a(mplayer.o)
 .text.DoXMEffectA
                0x00135a04       0x74 /opt/devkitpro/portlibs/3ds/lib/libmikmod.a(mplayer.o)
 .text.DoS3MEffectT
                0x00135a78       0x3c /opt/devkitpro/portlibs/3ds/lib/libmikmod.a(mplayer.o)
 .text.DoS3MEffectI
                0x00135ab4       0x7c /opt/devkitpro/portlibs/3ds/lib/libmikmod.a(mplayer.o)
 .text.DoS3MEffectF
                0x00135b30       0x3c /opt/devkitpro/portlibs/3ds/lib/libmikmod.a(mplayer.o)
 .text.DoS3MEffectE
                0x00135b6c       0x3c /opt/devkitpro/portlibs/3ds/lib/libmikmod.a(mplayer.o)
 .text.DoS3MEffectD
                0x00135ba8       0x38 /opt/devkitpro/portlibs/3ds/lib/libmikmod.a(mplayer.o)
 .text.DoS3MEffectA
                0x00135be0       0x5c /opt/devkitpro/portlibs/3ds/lib/libmikmod.a(mplayer.o)
 .text.DoPTEffectF
                0x00135c3c       0x90 /opt/devkitpro/portlibs/3ds/lib/libmikmod.a(mplayer.o)
 .text.DoPTEffectD
                0x00135ccc       0xf0 /opt/devkitpro/portlibs/3ds/lib/libmikmod.a(mplayer.o)
 .text.DoPTEffectC
                0x00135dbc       0x40 /opt/devkitpro/portlibs/3ds/lib/libmikmod.a(mplayer.o)
 .text.DoPTEffectB
                0x00135dfc       0xf8 /opt/devkitpro/portlibs/3ds/lib/libmikmod.a(mplayer.o)
 .text.DoPTEffect8
                0x00135ef4       0x30 /opt/devkitpro/portlibs/3ds/lib/libmikmod.a(mplayer.o)
 .text.DoPTEffect3
                0x00135f24       0x58 /opt/devkitpro/portlibs/3ds/lib/libmikmod.a(mplayer.o)
 .text.DoNothing
                0x00135f7c       0x10 /opt/devkitpro/portlibs/3ds/lib/libmikmod.a(mplayer.o)
 .text.DoS3MEffectR
                0x00135f8c      0x100 /opt/devkitpro/portlibs/3ds/lib/libmikmod.a(mplayer.o)
 .text.DoMEDSpeed
                0x0013608c       0x1c /opt/devkitpro/portlibs/3ds/lib/libmikmod.a(mplayer.o)
 .text.DoULTEffect9
                0x001360a8       0x50 /opt/devkitpro/portlibs/3ds/lib/libmikmod.a(mplayer.o)
 .text.DoXMEffectE2
                0x001360f8       0x40 /opt/devkitpro/portlibs/3ds/lib/libmikmod.a(mplayer.o)
 .text.DoXMEffectE1
                0x00136138       0x40 /opt/devkitpro/portlibs/3ds/lib/libmikmod.a(mplayer.o)
 .text.DoKeyFade
                0x00136178       0x54 /opt/devkitpro/portlibs/3ds/lib/libmikmod.a(mplayer.o)
 .text.DoS3MEffectQ
                0x001361cc      0x168 /opt/devkitpro/portlibs/3ds/lib/libmikmod.a(mplayer.o)
 .text.DoPTEffect9
                0x00136334       0x68 /opt/devkitpro/portlibs/3ds/lib/libmikmod.a(mplayer.o)
 .text.DoPTEffect2